// Jest Snapshot v1, https://goo.gl/fbAQLP

exports[`Storyshots ðŸ”§ Foundation/Hooks/useOnlyOneFocusable useOnlyOneFocusable 1`] = `
Array [
  .c0 {
  font-size: 1.5rem;
  font-weight: 400;
  font-family: Lato,Helvetica,Arial,sans-serif;
  line-height: 32px;
  color: #121212;
}

.c1 {
  font-family: Lato,Helvetica,Arial,sans-serif;
}

.c2.highlight-term {
  color: #121212 !important;
  background-color: #FFDFB1 !important;
}

@media (hover:hover) and (pointer:fine) {

}

@media (hover:hover) and (pointer:fine) {

}

<h5
    className="MuiTypography-root c0 MuiTypography-paragraph MuiTypography-displayBlock"
    data-color="neutral.f06"
    data-variant="headline1"
  >
    Only latest be focus item can be focus, this hook always use with
     
    <span
      className="MuiTypography-root c1 c2 highlight-term MuiTypography-noWrap"
      data-color="initial"
      data-variant="inherit"
      title="useKeyboardMoveFocus"
    >
      useKeyboardMoveFocus
    </span>
  </h5>,
  .c3 {
  width: 1em;
  height: 1em;
  stroke-width: 0;
  stroke: currentColor;
  fill: currentColor;
  pointer-events: none;
}

.c2 {
  display: -webkit-inline-box;
  display: -webkit-inline-flex;
  display: -ms-inline-flexbox;
  display: inline-flex;
  font-size: 24px;
}

.c1 {
  display: -webkit-inline-box;
  display: -webkit-inline-flex;
  display: -ms-inline-flexbox;
  display: inline-flex;
  -webkit-box-pack: center;
  -webkit-justify-content: center;
  -ms-flex-pack: center;
  justify-content: center;
  -webkit-align-items: center;
  -webkit-box-align: center;
  -ms-flex-align: center;
  align-items: center;
  width: 40px;
  height: 40px;
  color: #666666;
  border-radius: 50%;
  -webkit-transition: background 150ms cubic-bezier(0.4,0,0.2,1) 0ms;
  transition: background 150ms cubic-bezier(0.4,0,0.2,1) 0ms;
  cursor: pointer;
  font-size: 20px;
}

.c1:active {
  color: #666666;
}

.c1.focus-visible,
.c1[data-focus-visible-added] {
  background-color: rgba(102,102,102,0.16);
}

.c1.focus-visible:active,
.c1[data-focus-visible-added]:active {
  color: rgba(102,102,102,0.88);
}

.c1.RcIconButton-persistBg {
  background-color: rgba(102,102,102,0.12);
}

.c1.RcIconButton-disabled {
  color: #B9B9B9;
}

.c1.RcIconButton-invisible {
  opacity: 0;
  visibility: hidden;
  width: 0;
  height: 0;
}

.c1.RcIconButton-outline {
  border: 1px solid #C7C7C7;
}

.c1.RcIconButton-contained {
  color: #fff;
  background-color: #666666;
}

.c1.RcIconButton-contained:before {
  content: '';
  left: 0;
  right: 0;
  top: 0;
  bottom: 0;
  width: 100%;
  height: 100%;
  border-radius: 50%;
  position: absolute;
}

.c1.RcIconButton-contained.focus-visible,
.c1.RcIconButton-contained[data-focus-visible-added] {
  color: #fff;
}

.c1.RcIconButton-contained.focus-visible:before,
.c1.RcIconButton-contained[data-focus-visible-added]:before {
  background-color: rgba(255,255,255,0.16);
}

.c1.RcIconButton-contained:active {
  color: #fff;
}

.c1 .RcIconButtonTouchRipple-ripplePulsate {
  border-radius: 0;
  -webkit-animation-name: none;
  animation-name: none;
  opacity: 0;
}

.c0 {
  width: 120px;
}

@media (hover:hover) and (pointer:fine) {
  .c1:hover {
    background-color: rgba(102,102,102,0.08);
    color: rgba(102,102,102,0.88);
  }
}

@media (hover:hover) and (pointer:fine) {
  .c1.RcIconButton-contained:hover {
    color: #fff;
  }

  .c1.RcIconButton-contained:hover:before {
    background-color: rgba(255,255,255,0.08);
  }
}

<div
    className="c0"
  >
    <button
      className="MuiButtonBase-root c1 RcIconButton-root"
      data-move-focused-0={0}
      disabled={false}
      onBlur={[Function]}
      onDragLeave={[Function]}
      onFocus={[Function]}
      onKeyDown={[Function]}
      onKeyUp={[Function]}
      onMouseDown={[Function]}
      onMouseLeave={[Function]}
      onMouseUp={[Function]}
      onTouchEnd={[Function]}
      onTouchMove={[Function]}
      onTouchStart={[Function]}
      tabIndex={0}
      type="button"
    >
      <span
        className="c2 add icon"
      >
        <svg
          className="c3"
          viewBox="0 0 32 32"
          xmlns="http://www.w3.org/2000/svg"
        >
          <path
            d="M25.899 6.101c5.467 5.467 5.467 14.332 0 19.799s-14.332 5.467-19.799 0C.633 20.433.633 11.568 6.1 6.101s14.332-5.467 19.799 0zm-8.898 8.898L17 9a1 1 0 0 0-1.993-.117L15 9l.001 5.999L9 15a1 1 0 0 0-.117 1.993L9 17l6.001-.001L15 23a1 1 0 0 0 1.993.117L17 23l.001-6.001L23 17a1 1 0 0 0 .117-1.993L23 15l-5.999-.001z"
          />
        </svg>
        
      </span>
    </button>
    <button
      className="MuiButtonBase-root c1 RcIconButton-root"
      data-move-focused-0={1}
      disabled={false}
      onBlur={[Function]}
      onDragLeave={[Function]}
      onFocus={[Function]}
      onKeyDown={[Function]}
      onKeyUp={[Function]}
      onMouseDown={[Function]}
      onMouseLeave={[Function]}
      onMouseUp={[Function]}
      onTouchEnd={[Function]}
      onTouchMove={[Function]}
      onTouchStart={[Function]}
      tabIndex={-1}
      type="button"
    >
      <span
        className="c2 add icon"
      >
        <svg
          className="c3"
          viewBox="0 0 32 32"
          xmlns="http://www.w3.org/2000/svg"
        >
          <path
            d="M25.899 6.101c5.467 5.467 5.467 14.332 0 19.799s-14.332 5.467-19.799 0C.633 20.433.633 11.568 6.1 6.101s14.332-5.467 19.799 0zm-8.898 8.898L17 9a1 1 0 0 0-1.993-.117L15 9l.001 5.999L9 15a1 1 0 0 0-.117 1.993L9 17l6.001-.001L15 23a1 1 0 0 0 1.993.117L17 23l.001-6.001L23 17a1 1 0 0 0 .117-1.993L23 15l-5.999-.001z"
          />
        </svg>
        
      </span>
    </button>
    <button
      className="MuiButtonBase-root c1 RcIconButton-root"
      data-move-focused-0={2}
      disabled={false}
      onBlur={[Function]}
      onDragLeave={[Function]}
      onFocus={[Function]}
      onKeyDown={[Function]}
      onKeyUp={[Function]}
      onMouseDown={[Function]}
      onMouseLeave={[Function]}
      onMouseUp={[Function]}
      onTouchEnd={[Function]}
      onTouchMove={[Function]}
      onTouchStart={[Function]}
      tabIndex={-1}
      type="button"
    >
      <span
        className="c2 add icon"
      >
        <svg
          className="c3"
          viewBox="0 0 32 32"
          xmlns="http://www.w3.org/2000/svg"
        >
          <path
            d="M25.899 6.101c5.467 5.467 5.467 14.332 0 19.799s-14.332 5.467-19.799 0C.633 20.433.633 11.568 6.1 6.101s14.332-5.467 19.799 0zm-8.898 8.898L17 9a1 1 0 0 0-1.993-.117L15 9l.001 5.999L9 15a1 1 0 0 0-.117 1.993L9 17l6.001-.001L15 23a1 1 0 0 0 1.993.117L17 23l.001-6.001L23 17a1 1 0 0 0 .117-1.993L23 15l-5.999-.001z"
          />
        </svg>
        
      </span>
    </button>
    <button
      className="MuiButtonBase-root c1 RcIconButton-root"
      data-move-focused-0={3}
      disabled={false}
      onBlur={[Function]}
      onDragLeave={[Function]}
      onFocus={[Function]}
      onKeyDown={[Function]}
      onKeyUp={[Function]}
      onMouseDown={[Function]}
      onMouseLeave={[Function]}
      onMouseUp={[Function]}
      onTouchEnd={[Function]}
      onTouchMove={[Function]}
      onTouchStart={[Function]}
      tabIndex={-1}
      type="button"
    >
      <span
        className="c2 add icon"
      >
        <svg
          className="c3"
          viewBox="0 0 32 32"
          xmlns="http://www.w3.org/2000/svg"
        >
          <path
            d="M25.899 6.101c5.467 5.467 5.467 14.332 0 19.799s-14.332 5.467-19.799 0C.633 20.433.633 11.568 6.1 6.101s14.332-5.467 19.799 0zm-8.898 8.898L17 9a1 1 0 0 0-1.993-.117L15 9l.001 5.999L9 15a1 1 0 0 0-.117 1.993L9 17l6.001-.001L15 23a1 1 0 0 0 1.993.117L17 23l.001-6.001L23 17a1 1 0 0 0 .117-1.993L23 15l-5.999-.001z"
          />
        </svg>
        
      </span>
    </button>
    <button
      className="MuiButtonBase-root c1 RcIconButton-root"
      data-move-focused-0={4}
      disabled={false}
      onBlur={[Function]}
      onDragLeave={[Function]}
      onFocus={[Function]}
      onKeyDown={[Function]}
      onKeyUp={[Function]}
      onMouseDown={[Function]}
      onMouseLeave={[Function]}
      onMouseUp={[Function]}
      onTouchEnd={[Function]}
      onTouchMove={[Function]}
      onTouchStart={[Function]}
      tabIndex={-1}
      type="button"
    >
      <span
        className="c2 add icon"
      >
        <svg
          className="c3"
          viewBox="0 0 32 32"
          xmlns="http://www.w3.org/2000/svg"
        >
          <path
            d="M25.899 6.101c5.467 5.467 5.467 14.332 0 19.799s-14.332 5.467-19.799 0C.633 20.433.633 11.568 6.1 6.101s14.332-5.467 19.799 0zm-8.898 8.898L17 9a1 1 0 0 0-1.993-.117L15 9l.001 5.999L9 15a1 1 0 0 0-.117 1.993L9 17l6.001-.001L15 23a1 1 0 0 0 1.993.117L17 23l.001-6.001L23 17a1 1 0 0 0 .117-1.993L23 15l-5.999-.001z"
          />
        </svg>
        
      </span>
    </button>
    <button
      className="MuiButtonBase-root c1 RcIconButton-root"
      data-move-focused-0={5}
      disabled={false}
      onBlur={[Function]}
      onDragLeave={[Function]}
      onFocus={[Function]}
      onKeyDown={[Function]}
      onKeyUp={[Function]}
      onMouseDown={[Function]}
      onMouseLeave={[Function]}
      onMouseUp={[Function]}
      onTouchEnd={[Function]}
      onTouchMove={[Function]}
      onTouchStart={[Function]}
      tabIndex={-1}
      type="button"
    >
      <span
        className="c2 add icon"
      >
        <svg
          className="c3"
          viewBox="0 0 32 32"
          xmlns="http://www.w3.org/2000/svg"
        >
          <path
            d="M25.899 6.101c5.467 5.467 5.467 14.332 0 19.799s-14.332 5.467-19.799 0C.633 20.433.633 11.568 6.1 6.101s14.332-5.467 19.799 0zm-8.898 8.898L17 9a1 1 0 0 0-1.993-.117L15 9l.001 5.999L9 15a1 1 0 0 0-.117 1.993L9 17l6.001-.001L15 23a1 1 0 0 0 1.993.117L17 23l.001-6.001L23 17a1 1 0 0 0 .117-1.993L23 15l-5.999-.001z"
          />
        </svg>
        
      </span>
    </button>
    <button
      className="MuiButtonBase-root c1 RcIconButton-root"
      data-move-focused-0={6}
      disabled={false}
      onBlur={[Function]}
      onDragLeave={[Function]}
      onFocus={[Function]}
      onKeyDown={[Function]}
      onKeyUp={[Function]}
      onMouseDown={[Function]}
      onMouseLeave={[Function]}
      onMouseUp={[Function]}
      onTouchEnd={[Function]}
      onTouchMove={[Function]}
      onTouchStart={[Function]}
      tabIndex={-1}
      type="button"
    >
      <span
        className="c2 add icon"
      >
        <svg
          className="c3"
          viewBox="0 0 32 32"
          xmlns="http://www.w3.org/2000/svg"
        >
          <path
            d="M25.899 6.101c5.467 5.467 5.467 14.332 0 19.799s-14.332 5.467-19.799 0C.633 20.433.633 11.568 6.1 6.101s14.332-5.467 19.799 0zm-8.898 8.898L17 9a1 1 0 0 0-1.993-.117L15 9l.001 5.999L9 15a1 1 0 0 0-.117 1.993L9 17l6.001-.001L15 23a1 1 0 0 0 1.993.117L17 23l.001-6.001L23 17a1 1 0 0 0 .117-1.993L23 15l-5.999-.001z"
          />
        </svg>
        
      </span>
    </button>
    <button
      className="MuiButtonBase-root c1 RcIconButton-root"
      data-move-focused-0={7}
      disabled={false}
      onBlur={[Function]}
      onDragLeave={[Function]}
      onFocus={[Function]}
      onKeyDown={[Function]}
      onKeyUp={[Function]}
      onMouseDown={[Function]}
      onMouseLeave={[Function]}
      onMouseUp={[Function]}
      onTouchEnd={[Function]}
      onTouchMove={[Function]}
      onTouchStart={[Function]}
      tabIndex={-1}
      type="button"
    >
      <span
        className="c2 add icon"
      >
        <svg
          className="c3"
          viewBox="0 0 32 32"
          xmlns="http://www.w3.org/2000/svg"
        >
          <path
            d="M25.899 6.101c5.467 5.467 5.467 14.332 0 19.799s-14.332 5.467-19.799 0C.633 20.433.633 11.568 6.1 6.101s14.332-5.467 19.799 0zm-8.898 8.898L17 9a1 1 0 0 0-1.993-.117L15 9l.001 5.999L9 15a1 1 0 0 0-.117 1.993L9 17l6.001-.001L15 23a1 1 0 0 0 1.993.117L17 23l.001-6.001L23 17a1 1 0 0 0 .117-1.993L23 15l-5.999-.001z"
          />
        </svg>
        
      </span>
    </button>
  </div>,
]
`;
