// Jest Snapshot v1, https://goo.gl/fbAQLP

exports[`Storyshots ðŸš€ Cleanup Components/Dialog/DialogActions DialogActions 1`] = `
.c1 {
  text-transform: none;
  font-size: 0.875rem;
  font-weight: 700;
  font-family: Lato,Helvetica,Arial,sans-serif;
  text-align: center;
  box-shadow: unset;
  border-radius: 4px;
  min-width: 96px;
  min-height: 36px;
  padding: 0px 16px;
}

.c1 .RcButton-startIcon {
  margin-right: 8px;
}

.c1 .RcButton-endIcon {
  margin-left: 8px;
}

.c1.RcButton-text {
  color: #066FAC;
}

.c1.RcButton-text.RcButton-disabled {
  color: #C7C7C7;
}

.c1.RcButton-contained {
  color: #fff;
  background-color: #066FAC;
}

.c1.RcButton-contained.RcButton-disabled {
  background-color: #E5E5E5;
  color: #939393;
}

.c1.RcButton-outlined {
  color: #066FAC;
  border-color: #066FAC;
  padding: 0px 15px;
}

.c1.RcButton-outlined.RcButton-disabled {
  color: #C7C7C7;
  border-color: #C7C7C7;
}

.c0 {
  padding: 12px 24px 24px;
  -webkit-flex-direction: row;
  -ms-flex-direction: row;
  flex-direction: row;
}

.RcDialogContent-dividers + .c0.c0 {
  padding-top: 20px;
}

.c0 > * + * {
  margin-left: 8px;
}

@media (hover:hover) and (pointer:fine) {
  .c1.RcButton-text:hover {
    background-color: rgba(6,111,172,0.08);
  }
}

@media (hover:hover) and (pointer:fine) {
  .c1.RcButton-contained:hover {
    background-color: rgba(6,111,172,0.92);
  }
}

@media (hover:hover) and (pointer:fine) {
  .c1.RcButton-outlined:hover {
    background-color: rgba(6,111,172,0.08);
  }
}

<div
  className="MuiDialogActions-root c0"
  direction="horizontal"
>
  <button
    className="MuiButtonBase-root MuiButton-root MuiButton-text RcButton-text c1"
    disabled={false}
    onBlur={[Function]}
    onDragLeave={[Function]}
    onFocus={[Function]}
    onKeyDown={[Function]}
    onKeyUp={[Function]}
    onMouseDown={[Function]}
    onMouseLeave={[Function]}
    onMouseUp={[Function]}
    onTouchEnd={[Function]}
    onTouchMove={[Function]}
    onTouchStart={[Function]}
    tabIndex={0}
    type="button"
  >
    <span
      className="MuiButton-label"
    >
      Cancel
    </span>
  </button>
  <button
    className="MuiButtonBase-root MuiButton-root MuiButton-contained RcButton-contained c1"
    disabled={false}
    onBlur={[Function]}
    onDragLeave={[Function]}
    onFocus={[Function]}
    onKeyDown={[Function]}
    onKeyUp={[Function]}
    onMouseDown={[Function]}
    onMouseLeave={[Function]}
    onMouseUp={[Function]}
    onTouchEnd={[Function]}
    onTouchMove={[Function]}
    onTouchStart={[Function]}
    tabIndex={0}
    type="button"
  >
    <span
      className="MuiButton-label"
    >
      Ok
    </span>
  </button>
</div>
`;
