// Jest Snapshot v1, https://goo.gl/fbAQLP

exports[`Storyshots ðŸš€ Cleanup Components/Lists/ListItemSecondaryAction ListItemSecondaryAction 1`] = `
.c7 {
  width: 1em;
  height: 1em;
  stroke-width: 0;
  stroke: currentColor;
  fill: currentColor;
  pointer-events: none;
}

.c6 {
  display: -webkit-inline-box;
  display: -webkit-inline-flex;
  display: -ms-inline-flexbox;
  display: inline-flex;
  font-size: 20px;
}

.c4 {
  color: #121212;
  font-size: 0.875rem;
  font-weight: 700;
  font-family: Lato,Helvetica,Arial,sans-serif;
  line-height: 20px;
}

.c4 .RcFormControlLabel-disabled {
  color: #C7C7C7;
}

.c4 .RcCheckbox-root,
.c4 .RcRadio-root {
  margin-left: 0;
  margin-right: 4px;
}

.c4 .RcSwitch-root {
  margin: 12px;
}

.c4.RcFormControlLabel-labelPlacementStart .RcCheckbox-root,
.c4.RcFormControlLabel-labelPlacementStart .RcRadio-root {
  margin-left: 4px;
  margin-right: 0;
}

.c0 {
  width: 100%;
  padding-top: 5px;
  padding-bottom: 5px;
  display: -webkit-box;
  display: -webkit-flex;
  display: -ms-flexbox;
  display: flex;
  cursor: default;
  font-size: 0.875rem;
  font-weight: 400;
  font-family: Lato,Helvetica,Arial,sans-serif;
  line-height: 20px;
  color: #121212;
}

.c0.focus-visible,
.c0[data-focus-visible-added],
.c0.RcListItem-focusVisible {
  background-color: rgba(102,102,102,0.16);
}

.c0.RcListItem-selected,
.c0.RcListItem-selected:hover {
  background-color: rgba(102,102,102,0.12);
}

.c0 .RcListItemTouchRipple-rippleVisible {
  color: #666666;
}

.c0 .c3 {
  margin-right: 0;
}

.c0.RcListItem-gutters {
  padding-left: 16px;
  padding-right: 16px;
}

.c0.RcListItem-dense {
  padding-top: 4px;
  padding-bottom: 4px;
}

.c5.RcCheckbox-root {
  color: #939393;
  padding: 10px;
}

.c5.RcCheckbox-root.RcCheckbox-checked {
  color: #066FAC;
}

.c5.RcCheckbox-root.RcCheckbox-disabled {
  color: #C7C7C7;
}

.c2 {
  display: -webkit-box;
  display: -webkit-flex;
  display: -ms-flexbox;
  display: flex;
  -webkit-box-pack: center;
  -webkit-justify-content: center;
  -ms-flex-pack: center;
  justify-content: center;
  -webkit-align-items: center;
  -webkit-box-align: center;
  -ms-flex-align: center;
  align-items: center;
  font-size: 0.75rem;
  font-weight: 400;
  font-family: Lato,Helvetica,Arial,sans-serif;
  line-height: 16px;
  color: #666666;
}

.c2 .c3 {
  margin-right: -8px;
}

.c2 > * + * {
  margin-left: 8px;
}

.c1 {
  padding: 0;
  margin: 0 8px 0 0;
}

.c1.RcListItemText-multiline {
  margin: 4px 8px 4px 0px;
}

.c1.RcListItemText-inset {
  padding-left: 56px;
}

.c1 .RcListItemText-primary {
  white-space: nowrap;
  overflow: hidden;
  text-overflow: ellipsis;
  -webkit-text-decoration-line: inherit;
  text-decoration-line: inherit;
  font-size: 0.875rem;
  font-weight: 400;
  font-family: Lato,Helvetica,Arial,sans-serif;
  line-height: 20px;
  color: #121212;
}

.c1 .RcListItemText-secondary {
  white-space: nowrap;
  overflow: hidden;
  text-overflow: ellipsis;
  -webkit-text-decoration-line: inherit;
  text-decoration-line: inherit;
  font-size: 0.75rem;
  font-weight: 400;
  font-family: Lato,Helvetica,Arial,sans-serif;
  line-height: 16px;
  color: #666666;
}

@media (hover:hover) and (pointer:fine) {
  .c0:hover {
    background-color: rgba(102,102,102,0.08);
  }
}

@media (hover:hover) and (pointer:fine) {
  .c5.RcCheckbox-root:hover {
    background-color: rgba(147,147,147,0.12);
  }

  .c5.RcCheckbox-root:hover.RcCheckbox-checked {
    color: rgba(6,111,172,0.92);
    background-color: rgba(6,111,172,0.12);
  }
}

<div
  aria-disabled={false}
  className="MuiButtonBase-root MuiListItem-root c0 MuiListItem-gutters RcListItem-gutters MuiListItem-button"
  onBlur={[Function]}
  onDragLeave={[Function]}
  onFocus={[Function]}
  onKeyDown={[Function]}
  onKeyUp={[Function]}
  onMouseDown={[Function]}
  onMouseLeave={[Function]}
  onMouseUp={[Function]}
  onTouchEnd={[Function]}
  onTouchMove={[Function]}
  onTouchStart={[Function]}
  role="button"
  tabIndex={0}
>
  <div
    className="MuiListItemText-root c1"
  >
    <span
      className="MuiTypography-root MuiListItemText-primary RcListItemText-primary MuiTypography-body1 MuiTypography-displayBlock"
    >
      ListItem Content
    </span>
  </div>
  <div
    className="MuiListItemSecondaryAction-root c2"
  >
    <span>
      meta
    </span>
    <label
      className="MuiFormControlLabel-root RcFormControlLabel-root c3 c4"
    >
      <span
        aria-disabled={false}
        className="MuiButtonBase-root MuiIconButton-root PrivateSwitchBase-root-328 MuiCheckbox-root RcCheckbox-root MuiCheckbox-indeterminate c5"
        onBlur={[Function]}
        onDragLeave={[Function]}
        onFocus={[Function]}
        onKeyDown={[Function]}
        onKeyUp={[Function]}
        onMouseDown={[Function]}
        onMouseLeave={[Function]}
        onMouseUp={[Function]}
        onTouchEnd={[Function]}
        onTouchMove={[Function]}
        onTouchStart={[Function]}
        tabIndex={null}
      >
        <span
          className="MuiIconButton-label"
        >
          <input
            className="PrivateSwitchBase-input-331"
            data-indeterminate={true}
            onChange={[Function]}
            type="checkbox"
          />
          <span
            className="c6 indeterminate icon"
          >
            <svg
              className="c7"
              viewBox="0 0 32 32"
              xmlns="http://www.w3.org/2000/svg"
            >
              <path
                d="M27 2a3 3 0 0 1 3 3v22a3 3 0 0 1-3 3H5a3 3 0 0 1-3-3V5a3 3 0 0 1 3-3h22zm-3.333 12.667H8.334a1.333 1.333 0 0 0-.128 2.66l.128.006h15.333a1.333 1.333 0 0 0 .128-2.66l-.128-.006z"
              />
            </svg>
            
          </span>
        </span>
      </span>
      <span
        className="MuiTypography-root MuiFormControlLabel-label MuiTypography-body1"
      >
        
      </span>
    </label>
  </div>
</div>
`;
