// Jest Snapshot v1, https://goo.gl/fbAQLP

exports[`Storyshots ðŸš€ Cleanup Components/Virtuoso/VirtualizedDivider VirtualizedDivider 1`] = `
Array [
  .c0 {
  font-size: 0.875rem;
  font-weight: 400;
  font-family: Lato,Helvetica,Arial,sans-serif;
  line-height: 20px;
  color: #121212;
}

<p
    className="MuiTypography-root c0 MuiTypography-paragraph MuiTypography-displayBlock"
    data-color="neutral.f06"
    data-variant="body1"
  >
    Virtuoso can't calculate item height correctly, should always use padding when you need space between items
  </p>,
  <div
    data-test-id="virtuoso-scroller"
    data-virtuoso-scroller={true}
    style={
      Object {
        "WebkitOverflowScrolling": "touch",
        "height": "200px",
        "outline": "none",
        "overflowY": "auto",
        "position": "relative",
      }
    }
    tabIndex={0}
  >
    <div
      data-viewport-type="element"
      style={
        Object {
          "height": "100%",
          "position": "absolute",
          "top": 0,
          "width": "100%",
        }
      }
    >
      <div
        data-test-id="virtuoso-item-list"
        style={
          Object {
            "boxSizing": "border-box",
            "marginTop": 0,
            "paddingBottom": 0,
            "paddingTop": 0,
          }
        }
      />
    </div>
  </div>,
]
`;
