// Jest Snapshot v1, https://goo.gl/fbAQLP

exports[`Storyshots ðŸš€ Cleanup Components/Cards/CardHeader CardHeader 1`] = `
.c5 {
  width: 1em;
  height: 1em;
  stroke-width: 0;
  stroke: currentColor;
  fill: currentColor;
  pointer-events: none;
}

.c4 {
  display: -webkit-inline-box;
  display: -webkit-inline-flex;
  display: -ms-inline-flexbox;
  display: inline-flex;
  font-size: 24px;
}

.c3 {
  display: -webkit-inline-box;
  display: -webkit-inline-flex;
  display: -ms-inline-flexbox;
  display: inline-flex;
  -webkit-box-pack: center;
  -webkit-justify-content: center;
  -ms-flex-pack: center;
  justify-content: center;
  -webkit-align-items: center;
  -webkit-box-align: center;
  -ms-flex-align: center;
  align-items: center;
  width: 48px;
  height: 48px;
  color: #666666;
  border-radius: 50%;
  -webkit-transition: background 150ms cubic-bezier(0.4,0,0.2,1) 0ms;
  transition: background 150ms cubic-bezier(0.4,0,0.2,1) 0ms;
  cursor: pointer;
  font-size: 24px;
}

.c3:active {
  color: #666666;
}

.c3.focus-visible,
.c3[data-focus-visible-added] {
  background-color: rgba(102,102,102,0.16);
}

.c3.focus-visible:active,
.c3[data-focus-visible-added]:active {
  color: rgba(102,102,102,0.88);
}

.c3.RcIconButton-persistBg {
  background-color: rgba(102,102,102,0.12);
}

.c3.RcIconButton-disabled {
  color: #B9B9B9;
}

.c3.RcIconButton-invisible {
  opacity: 0;
  visibility: hidden;
  width: 0;
  height: 0;
}

.c3.RcIconButton-outline {
  border: 1px solid #C7C7C7;
}

.c3.RcIconButton-contained {
  color: #fff;
  background-color: #666666;
}

.c3.RcIconButton-contained:before {
  content: '';
  left: 0;
  right: 0;
  top: 0;
  bottom: 0;
  width: 100%;
  height: 100%;
  border-radius: 50%;
  position: absolute;
}

.c3.RcIconButton-contained.focus-visible,
.c3.RcIconButton-contained[data-focus-visible-added] {
  color: #fff;
}

.c3.RcIconButton-contained.focus-visible:before,
.c3.RcIconButton-contained[data-focus-visible-added]:before {
  background-color: rgba(255,255,255,0.16);
}

.c3.RcIconButton-contained:active {
  color: #fff;
}

.c3 .RcIconButtonTouchRipple-ripplePulsate {
  border-radius: 0;
  -webkit-animation-name: none;
  animation-name: none;
  opacity: 0;
}

.c2 {
  position: relative;
  display: -webkit-inline-box;
  display: -webkit-inline-flex;
  display: -ms-inline-flexbox;
  display: inline-flex;
  -webkit-align-items: center;
  -webkit-box-align: center;
  -ms-flex-align: center;
  align-items: center;
  -webkit-box-pack: center;
  -webkit-justify-content: center;
  -ms-flex-pack: center;
  justify-content: center;
  -webkit-flex-shrink: 0;
  -ms-flex-negative: 0;
  flex-shrink: 0;
  line-height: 1;
  border-radius: 50%;
  overflow: hidden;
  -webkit-user-select: none;
  -moz-user-select: none;
  -ms-user-select: none;
  user-select: none;
  outline: none;
  color: #FFFFFF;
  font-size: 1rem;
  font-weight: 700;
  font-family: Lato,Helvetica,Arial,sans-serif;
  line-height: 24px;
  width: 40px;
  height: 40px;
  background-color: #066FAC;
}

.c2 > img,
.c2 > canvas {
  width: 100%;
  height: 100%;
}

.c1 {
  position: relative;
  display: -webkit-inline-box;
  display: -webkit-inline-flex;
  display: -ms-inline-flexbox;
  display: inline-flex;
  outline: 0;
}

.c0 {
  position: relative;
  background-color: #FFFFFF;
}

@media (hover:hover) and (pointer:fine) {
  .c3:hover {
    background-color: rgba(102,102,102,0.08);
    color: rgba(102,102,102,0.88);
  }
}

@media (hover:hover) and (pointer:fine) {
  .c3.RcIconButton-contained:hover {
    color: #fff;
  }

  .c3.RcIconButton-contained:hover:before {
    background-color: rgba(255,255,255,0.08);
  }
}

<div
  className="MuiPaper-root MuiCard-root c0 MuiPaper-elevation1 MuiPaper-rounded"
>
  <div
    className="MuiCardHeader-root "
  >
    <div
      className="MuiCardHeader-avatar"
    >
      <div
        aria-label="recipe"
        className="c1 "
        data-test-automation-class="avatar"
      >
        <div
          className="c2 RcAvatar-avatarContainer"
        >
          CK
        </div>
      </div>
    </div>
    <div
      className="MuiCardHeader-content"
    >
      <span
        className="MuiTypography-root MuiCardHeader-title MuiTypography-body2 MuiTypography-displayBlock"
      >
        Shrimp and Chorizo Paella
      </span>
      <span
        className="MuiTypography-root MuiCardHeader-subheader MuiTypography-body2 MuiTypography-colorTextSecondary MuiTypography-displayBlock"
      >
        September 14, 2016
      </span>
    </div>
    <div
      className="MuiCardHeader-action"
    >
      <button
        aria-label="settings"
        className="MuiButtonBase-root c3 RcIconButton-root"
        disabled={false}
        onBlur={[Function]}
        onDragLeave={[Function]}
        onFocus={[Function]}
        onKeyDown={[Function]}
        onKeyUp={[Function]}
        onMouseDown={[Function]}
        onMouseLeave={[Function]}
        onMouseUp={[Function]}
        onTouchEnd={[Function]}
        onTouchMove={[Function]}
        onTouchStart={[Function]}
        style={
          Object {
            "margin": "8px",
          }
        }
        tabIndex={0}
        type="button"
      >
        <span
          className="c4 phone icon"
        >
          <svg
            className="c5"
            viewBox="0 0 32 32"
            xmlns="http://www.w3.org/2000/svg"
          >
            <path
              d="M13.228 14.296c.124.331.324.717.602 1.154.285.448.649.938 1.09 1.465a13.92 13.92 0 0 0 1.328 1.391c.395.352.753.616 1.068.791.121.067.226.121.312.159l.218-.239.08-.078c-.004.003.001-.001.009-.015l.076-.093c.226-.238.417-.428.575-.573.171-.156.362-.306.617-.477a3.574 3.574 0 0 1 2.169-.483c.803.071 1.484.39 1.965.905.599.566 1.221 1.131 1.865 1.697s1.489 1.28 2.534 2.141c.586.482.976 1.073 1.157 1.757.184.694.125 1.365-.161 1.937-.193.479-.565 1.044-1.117 1.713-.544.659-1.035 1.155-1.456 1.47-.44.363-.947.637-1.516.818a6.01 6.01 0 0 1-1.829.264c-1.073 0-2.192-.21-3.356-.625-1.135-.405-2.29-.984-3.466-1.737a24.989 24.989 0 0 1-3.475-2.719 36.73 36.73 0 0 1-3.448-3.565c-1.492-1.787-2.714-3.551-3.664-5.291-.955-1.731-1.628-3.354-2.018-4.87-.397-1.544-.493-2.938-.281-4.173.204-1.306.769-2.366 1.703-3.149.433-.361 1.041-.728 1.828-1.11.803-.39 1.468-.63 2.018-.716.735-.115 1.455-.01 2.133.308s1.204.818 1.577 1.5a33.63 33.63 0 0 0 1.257 2.265 49.99 49.99 0 0 0 1.696 2.601c.414.626.579 1.307.486 2.017-.091.699-.403 1.322-.977 1.9a6.076 6.076 0 0 1-1.027.705 1.161 1.161 0 0 1-.218.137l-.171.083a2.256 2.256 0 0 1-.223.12 1.99 1.99 0 0 0-.144.067c.027.132.084.31.182.548z"
            />
          </svg>
          
        </span>
      </button>
    </div>
  </div>
</div>
`;
