// Jest Snapshot v1, https://goo.gl/fbAQLP

exports[`Storyshots ðŸš€ Cleanup Components/DnD DnD 1`] = `
.c3 {
  width: 1em;
  height: 1em;
  stroke-width: 0;
  stroke: currentColor;
  fill: currentColor;
  pointer-events: none;
}

.c2 {
  display: -webkit-inline-box;
  display: -webkit-inline-flex;
  display: -ms-inline-flexbox;
  display: inline-flex;
  font-size: 12px;
}

.c1 {
  outline: none;
  margin-right: 4px;
  padding: 2px 0;
  display: -webkit-box;
  display: -webkit-flex;
  display: -ms-flexbox;
  display: flex;
  -webkit-box-pack: center;
  -webkit-justify-content: center;
  -ms-flex-pack: center;
  justify-content: center;
  -webkit-align-items: center;
  -webkit-box-align: center;
  -ms-flex-align: center;
  align-items: center;
}

.c1.focus-visible,
.c1[data-focus-visible-added] {
  box-shadow: 0 0 0 1px #066FAC;
  border-radius: 2px;
}

.c0 {
  width: 100%;
  padding-top: 5px;
  padding-bottom: 5px;
  display: -webkit-box;
  display: -webkit-flex;
  display: -ms-flexbox;
  display: flex;
  cursor: default;
  font-size: 0.875rem;
  font-weight: 400;
  font-family: Lato,Helvetica,Arial,sans-serif;
  line-height: 20px;
  color: #121212;
}

.c0.RcListItem-focusVisible,
.c0.Mui-focusVisible {
  background-color: unset;
}

.c0.focus-visible,
.c0[data-focus-visible-added] {
  background-color: rgba(102,102,102,0.16);
}

.c0.RcListItem-selected,
.c0.RcListItem-selected:hover {
  background-color: rgba(102,102,102,0.12);
}

.c0 .RcListItemTouchRipple-rippleVisible {
  color: #666666;
}

.c0.RcListItem-gutters {
  padding-left: 16px;
  padding-right: 16px;
}

.c0.RcListItem-dense {
  padding-top: 4px;
  padding-bottom: 4px;
}

@media (hover:hover) and (pointer:fine) {
  .c0:hover {
    background-color: rgba(102,102,102,0.08);
  }
}

<ul
  className="MuiList-root "
  data-rbd-droppable-context-id="0"
  data-rbd-droppable-id="group-1"
  style={
    Object {
      "display": "flex",
      "flexDirection": "column",
    }
  }
>
  <div
    aria-disabled={false}
    className="MuiButtonBase-root MuiListItem-root c0 RcDraggable-root RcListItem-multiline MuiListItem-gutters RcListItem-gutters MuiListItem-button"
    data-rbd-draggable-context-id="0"
    data-rbd-draggable-id="item-1"
    onBlur={[Function]}
    onDragLeave={[Function]}
    onFocus={[Function]}
    onKeyDown={[Function]}
    onKeyUp={[Function]}
    onMouseDown={[Function]}
    onMouseLeave={[Function]}
    onMouseUp={[Function]}
    onTouchEnd={[Function]}
    onTouchMove={[Function]}
    onTouchStart={[Function]}
    onTransitionEnd={null}
    role="button"
    style={
      Object {
        "transform": null,
        "transition": null,
      }
    }
    tabIndex={0}
  >
    <div
      aria-describedby="rbd-hidden-text-0-hidden-text-0"
      className="RcDraggable-root c1"
      data-rbd-drag-handle-context-id="0"
      data-rbd-drag-handle-draggable-id="item-1"
      draggable={false}
      onDragStart={[Function]}
      role="button"
      tabIndex={0}
    >
      <span
        className="c2 dragable_area icon"
      >
        <svg
          className="c3"
          viewBox="0 0 32 32"
          xmlns="http://www.w3.org/2000/svg"
        >
          <path
            d="M11 23a3 3 0 1 1 0 6 3 3 0 0 1 0-6zm10 0a3 3 0 1 1 0 6 3 3 0 0 1 0-6zM11 13a3 3 0 1 1 0 6 3 3 0 0 1 0-6zm10 0a3 3 0 1 1 0 6 3 3 0 0 1 0-6zM11 3a3 3 0 1 1 0 6 3 3 0 0 1 0-6zm10 0a3 3 0 1 1 0 6 3 3 0 0 1 0-6z"
          />
        </svg>
        
      </span>
    </div>
    Item 1 Content
  </div>
  <div
    aria-disabled={false}
    className="MuiButtonBase-root MuiListItem-root c0 RcDraggable-root RcListItem-multiline MuiListItem-gutters RcListItem-gutters MuiListItem-button"
    data-rbd-draggable-context-id="0"
    data-rbd-draggable-id="item-2"
    onBlur={[Function]}
    onDragLeave={[Function]}
    onFocus={[Function]}
    onKeyDown={[Function]}
    onKeyUp={[Function]}
    onMouseDown={[Function]}
    onMouseLeave={[Function]}
    onMouseUp={[Function]}
    onTouchEnd={[Function]}
    onTouchMove={[Function]}
    onTouchStart={[Function]}
    onTransitionEnd={null}
    role="button"
    style={
      Object {
        "transform": null,
        "transition": null,
      }
    }
    tabIndex={0}
  >
    <div
      aria-describedby="rbd-hidden-text-0-hidden-text-0"
      className="RcDraggable-root c1"
      data-rbd-drag-handle-context-id="0"
      data-rbd-drag-handle-draggable-id="item-2"
      draggable={false}
      onDragStart={[Function]}
      role="button"
      tabIndex={0}
    >
      <span
        className="c2 dragable_area icon"
      >
        <svg
          className="c3"
          viewBox="0 0 32 32"
          xmlns="http://www.w3.org/2000/svg"
        >
          <path
            d="M11 23a3 3 0 1 1 0 6 3 3 0 0 1 0-6zm10 0a3 3 0 1 1 0 6 3 3 0 0 1 0-6zM11 13a3 3 0 1 1 0 6 3 3 0 0 1 0-6zm10 0a3 3 0 1 1 0 6 3 3 0 0 1 0-6zM11 3a3 3 0 1 1 0 6 3 3 0 0 1 0-6zm10 0a3 3 0 1 1 0 6 3 3 0 0 1 0-6z"
          />
        </svg>
        
      </span>
    </div>
    Item 2 Content
  </div>
  <div
    aria-disabled={false}
    className="MuiButtonBase-root MuiListItem-root c0 RcDraggable-root RcListItem-multiline MuiListItem-gutters RcListItem-gutters MuiListItem-button"
    data-rbd-draggable-context-id="0"
    data-rbd-draggable-id="item-3"
    onBlur={[Function]}
    onDragLeave={[Function]}
    onFocus={[Function]}
    onKeyDown={[Function]}
    onKeyUp={[Function]}
    onMouseDown={[Function]}
    onMouseLeave={[Function]}
    onMouseUp={[Function]}
    onTouchEnd={[Function]}
    onTouchMove={[Function]}
    onTouchStart={[Function]}
    onTransitionEnd={null}
    role="button"
    style={
      Object {
        "transform": null,
        "transition": null,
      }
    }
    tabIndex={0}
  >
    <div
      aria-describedby="rbd-hidden-text-0-hidden-text-0"
      className="RcDraggable-root c1"
      data-rbd-drag-handle-context-id="0"
      data-rbd-drag-handle-draggable-id="item-3"
      draggable={false}
      onDragStart={[Function]}
      role="button"
      tabIndex={0}
    >
      <span
        className="c2 dragable_area icon"
      >
        <svg
          className="c3"
          viewBox="0 0 32 32"
          xmlns="http://www.w3.org/2000/svg"
        >
          <path
            d="M11 23a3 3 0 1 1 0 6 3 3 0 0 1 0-6zm10 0a3 3 0 1 1 0 6 3 3 0 0 1 0-6zM11 13a3 3 0 1 1 0 6 3 3 0 0 1 0-6zm10 0a3 3 0 1 1 0 6 3 3 0 0 1 0-6zM11 3a3 3 0 1 1 0 6 3 3 0 0 1 0-6zm10 0a3 3 0 1 1 0 6 3 3 0 0 1 0-6z"
          />
        </svg>
        
      </span>
    </div>
    Item 3 Content
  </div>
  <div
    aria-disabled={false}
    className="MuiButtonBase-root MuiListItem-root c0 RcDraggable-root RcListItem-multiline MuiListItem-gutters RcListItem-gutters MuiListItem-button"
    data-rbd-draggable-context-id="0"
    data-rbd-draggable-id="item-4"
    onBlur={[Function]}
    onDragLeave={[Function]}
    onFocus={[Function]}
    onKeyDown={[Function]}
    onKeyUp={[Function]}
    onMouseDown={[Function]}
    onMouseLeave={[Function]}
    onMouseUp={[Function]}
    onTouchEnd={[Function]}
    onTouchMove={[Function]}
    onTouchStart={[Function]}
    onTransitionEnd={null}
    role="button"
    style={
      Object {
        "transform": null,
        "transition": null,
      }
    }
    tabIndex={0}
  >
    <div
      aria-describedby="rbd-hidden-text-0-hidden-text-0"
      className="RcDraggable-root c1"
      data-rbd-drag-handle-context-id="0"
      data-rbd-drag-handle-draggable-id="item-4"
      draggable={false}
      onDragStart={[Function]}
      role="button"
      tabIndex={0}
    >
      <span
        className="c2 dragable_area icon"
      >
        <svg
          className="c3"
          viewBox="0 0 32 32"
          xmlns="http://www.w3.org/2000/svg"
        >
          <path
            d="M11 23a3 3 0 1 1 0 6 3 3 0 0 1 0-6zm10 0a3 3 0 1 1 0 6 3 3 0 0 1 0-6zM11 13a3 3 0 1 1 0 6 3 3 0 0 1 0-6zm10 0a3 3 0 1 1 0 6 3 3 0 0 1 0-6zM11 3a3 3 0 1 1 0 6 3 3 0 0 1 0-6zm10 0a3 3 0 1 1 0 6 3 3 0 0 1 0-6z"
          />
        </svg>
        
      </span>
    </div>
    Item 4 Content
  </div>
</ul>
`;
