// Jest Snapshot v1, https://goo.gl/fbAQLP

exports[`Storyshots ðŸš€ Cleanup Components/Stepper/Stepper All State Stepper All State 1`] = `
.c7 {
  width: 1em;
  height: 1em;
  stroke-width: 0;
  stroke: currentColor;
  fill: currentColor;
  pointer-events: none;
}

.c5 {
  display: -webkit-inline-box;
  display: -webkit-inline-flex;
  display: -ms-inline-flexbox;
  display: inline-flex;
  font-size: 16px;
}

.c1.RcStep-horizontal {
  padding-left: 16px;
  padding-right: 16px;
}

.c6 {
  width: 24px;
  height: 24px;
  display: -webkit-box;
  display: -webkit-flex;
  display: -ms-flexbox;
  display: flex;
  -webkit-box-pack: center;
  -webkit-justify-content: center;
  -ms-flex-pack: center;
  justify-content: center;
  -webkit-align-items: center;
  -webkit-box-align: center;
  -ms-flex-align: center;
  align-items: center;
  color: #FFFFFF;
  border-radius: 50%;
  background: #066FAC;
}

.c6 svg {
  stroke-width: 2px;
}

.c8 {
  width: 24px;
  height: 24px;
  display: -webkit-box;
  display: -webkit-flex;
  display: -ms-flexbox;
  display: flex;
  -webkit-box-pack: center;
  -webkit-justify-content: center;
  -ms-flex-pack: center;
  justify-content: center;
  -webkit-align-items: center;
  -webkit-box-align: center;
  -ms-flex-align: center;
  align-items: center;
  color: #FFFFFF;
  border-radius: 50%;
  background: #066FAC;
}

.c8 svg {
  stroke-width: 1px;
}

.c3 .RcStepIcon-root {
  color: #666666;
}

.c3 .RcStepIcon-active {
  color: #066FAC;
}

.c3 .RcStepIcon-text {
  fill: #FFFFFF;
  font-size: 0.875rem;
  font-weight: 400;
  font-family: Lato,Helvetica,Arial,sans-serif;
  -webkit-transform: translateY(1px);
  -ms-transform: translateY(1px);
  transform: translateY(1px);
}

.c3 .RcStepLabel-labelContainer .RcStepLabel-alternativeLabel {
  margin-top: 12px;
}

.c3 .RcStepLabel-label {
  font-size: 0.875rem;
  font-weight: 400;
  font-family: Lato,Helvetica,Arial,sans-serif;
  line-height: 20px;
  color: #666666;
}

.c3 .RcStepLabel-active {
  font-size: 0.875rem;
  font-weight: 700;
  font-family: Lato,Helvetica,Arial,sans-serif;
  line-height: 20px;
  color: #121212;
}

.c3.RcStepLabel-error .RcStepIcon-root {
  color: #BE3933;
}

.c3.RcStepLabel-error .RcStepLabel-label {
  color: #BE3933;
}

.c3.RcStepLabel-disabled .RcStepIcon-root {
  color: #C7C7C7;
}

.c3.RcStepLabel-disabled .RcStepLabel-label {
  color: #C7C7C7;
}

.c2 .RcStepButton-touchRipple {
  z-index: 1;
}

.c4 .RcStepConnector-line {
  border-color: #E5E5E5;
}

.c0 {
  padding: 24px 0px 24px 0px;
}

<div
  className="MuiPaper-root MuiStepper-root MuiStepper-horizontal c0 MuiStepper-alternativeLabel MuiPaper-elevation0"
>
  <div
    className="MuiStep-root RcStep-root MuiStep-horizontal RcStep-horizontal c1 MuiStep-alternativeLabel"
  >
    <button
      className="MuiButtonBase-root MuiStepButton-root MuiStepButton-horizontal c2"
      disabled={false}
      onBlur={[Function]}
      onDragLeave={[Function]}
      onFocus={[Function]}
      onKeyDown={[Function]}
      onKeyUp={[Function]}
      onMouseDown={[Function]}
      onMouseLeave={[Function]}
      onMouseUp={[Function]}
      onTouchEnd={[Function]}
      onTouchMove={[Function]}
      onTouchStart={[Function]}
      tabIndex={0}
      type="button"
    >
      <span
        className="MuiStepLabel-root MuiStepLabel-horizontal c3 MuiStepLabel-alternativeLabel RcStepLabel-alternativeLabel"
      >
        <span
          className="MuiStepLabel-iconContainer MuiStepLabel-alternativeLabel RcStepLabel-alternativeLabel"
        >
          <svg
            aria-hidden={true}
            className="MuiSvgIcon-root MuiStepIcon-root RcStepIcon-root MuiStepIcon-active RcStepIcon-active"
            focusable="false"
            viewBox="0 0 24 24"
          >
            <circle
              cx="12"
              cy="12"
              r="12"
            />
            <text
              className="MuiStepIcon-text RcStepIcon-text"
              textAnchor="middle"
              x="12"
              y="16"
            >
              1
            </text>
          </svg>
        </span>
        <span
          className="MuiStepLabel-labelContainer RcStepLabel-labelContainer"
        >
          <span
            className="MuiTypography-root MuiStepLabel-label RcStepLabel-label MuiStepLabel-alternativeLabel RcStepLabel-alternativeLabel MuiStepLabel-active RcStepLabel-active MuiTypography-body2 MuiTypography-displayBlock"
          >
            A
          </span>
        </span>
      </span>
    </button>
  </div>
  <div
    className="MuiStep-root RcStep-root MuiStep-horizontal RcStep-horizontal c1 MuiStep-alternativeLabel"
  >
    <div
      className="MuiStepConnector-root MuiStepConnector-horizontal c4 MuiStepConnector-alternativeLabel"
    >
      <span
        className="MuiStepConnector-line RcStepConnector-line MuiStepConnector-lineHorizontal"
      />
    </div>
    <span
      className="MuiStepLabel-root MuiStepLabel-horizontal c3 MuiStepLabel-alternativeLabel RcStepLabel-alternativeLabel Mui-error RcStepLabel-error"
    >
      <span
        className="MuiStepLabel-iconContainer MuiStepLabel-alternativeLabel RcStepLabel-alternativeLabel"
      >
        <svg
          aria-hidden={true}
          className="MuiSvgIcon-root MuiStepIcon-root RcStepIcon-root Mui-error"
          focusable="false"
          viewBox="0 0 24 24"
        >
          <path
            d="M1 21h22L12 2 1 21zm12-3h-2v-2h2v2zm0-4h-2v-4h2v4z"
          />
        </svg>
      </span>
      <span
        className="MuiStepLabel-labelContainer RcStepLabel-labelContainer"
      >
        <span
          className="MuiTypography-root MuiStepLabel-label RcStepLabel-label MuiStepLabel-alternativeLabel RcStepLabel-alternativeLabel Mui-error RcStepLabel-error MuiTypography-body2 MuiTypography-displayBlock"
        >
          B
        </span>
      </span>
    </span>
  </div>
  <div
    className="MuiStep-root RcStep-root MuiStep-horizontal RcStep-horizontal c1 MuiStep-alternativeLabel"
  >
    <div
      className="MuiStepConnector-root MuiStepConnector-horizontal c4 MuiStepConnector-alternativeLabel"
    >
      <span
        className="MuiStepConnector-line RcStepConnector-line MuiStepConnector-lineHorizontal"
      />
    </div>
    <span
      className="MuiStepLabel-root MuiStepLabel-horizontal c3 Mui-disabled RcStepLabel-disabled MuiStepLabel-alternativeLabel RcStepLabel-alternativeLabel"
    >
      <span
        className="MuiStepLabel-iconContainer MuiStepLabel-alternativeLabel RcStepLabel-alternativeLabel"
      >
        <svg
          aria-hidden={true}
          className="MuiSvgIcon-root MuiStepIcon-root RcStepIcon-root"
          focusable="false"
          viewBox="0 0 24 24"
        >
          <circle
            cx="12"
            cy="12"
            r="12"
          />
          <text
            className="MuiStepIcon-text RcStepIcon-text"
            textAnchor="middle"
            x="12"
            y="16"
          >
            3
          </text>
        </svg>
      </span>
      <span
        className="MuiStepLabel-labelContainer RcStepLabel-labelContainer"
      >
        <span
          className="MuiTypography-root MuiStepLabel-label RcStepLabel-label MuiStepLabel-alternativeLabel RcStepLabel-alternativeLabel MuiTypography-body2 MuiTypography-displayBlock"
        >
          C
        </span>
      </span>
    </span>
  </div>
  <div
    className="MuiStep-root RcStep-root MuiStep-horizontal RcStep-horizontal c1 MuiStep-alternativeLabel MuiStep-completed"
  >
    <div
      className="MuiStepConnector-root MuiStepConnector-horizontal c4 MuiStepConnector-alternativeLabel MuiStepConnector-completed"
    >
      <span
        className="MuiStepConnector-line RcStepConnector-line MuiStepConnector-lineHorizontal"
      />
    </div>
    <button
      className="MuiButtonBase-root MuiStepButton-root MuiStepButton-horizontal c2"
      disabled={false}
      onBlur={[Function]}
      onDragLeave={[Function]}
      onFocus={[Function]}
      onKeyDown={[Function]}
      onKeyUp={[Function]}
      onMouseDown={[Function]}
      onMouseLeave={[Function]}
      onMouseUp={[Function]}
      onTouchEnd={[Function]}
      onTouchMove={[Function]}
      onTouchStart={[Function]}
      tabIndex={0}
      type="button"
    >
      <span
        className="MuiStepLabel-root MuiStepLabel-horizontal c3 MuiStepLabel-alternativeLabel RcStepLabel-alternativeLabel"
      >
        <span
          className="MuiStepLabel-iconContainer MuiStepLabel-alternativeLabel RcStepLabel-alternativeLabel"
        >
          <span
            className="c5 c6 check icon"
          >
            <svg
              className="c7"
              viewBox="0 0 32 32"
              xmlns="http://www.w3.org/2000/svg"
            >
              <path
                d="M24.678 8.293a.999.999 0 0 1 1.497 1.32l-.083.094-12.314 12.314a1 1 0 0 1-1.32.083l-.094-.083-7.071-7.071a.999.999 0 0 1 1.32-1.497l.094.083L13.07 19.9 24.678 8.293z"
              />
            </svg>
            
          </span>
        </span>
        <span
          className="MuiStepLabel-labelContainer RcStepLabel-labelContainer"
        >
          <span
            className="MuiTypography-root MuiStepLabel-label RcStepLabel-label MuiStepLabel-alternativeLabel RcStepLabel-alternativeLabel MuiStepLabel-completed MuiTypography-body2 MuiTypography-displayBlock"
          >
            D
          </span>
        </span>
      </span>
    </button>
  </div>
  <div
    className="MuiStep-root RcStep-root MuiStep-horizontal RcStep-horizontal c1 MuiStep-alternativeLabel"
  >
    <div
      className="MuiStepConnector-root MuiStepConnector-horizontal c4 MuiStepConnector-alternativeLabel"
    >
      <span
        className="MuiStepConnector-line RcStepConnector-line MuiStepConnector-lineHorizontal"
      />
    </div>
    <button
      className="MuiButtonBase-root MuiStepButton-root MuiStepButton-horizontal c2"
      disabled={false}
      onBlur={[Function]}
      onDragLeave={[Function]}
      onFocus={[Function]}
      onKeyDown={[Function]}
      onKeyUp={[Function]}
      onMouseDown={[Function]}
      onMouseLeave={[Function]}
      onMouseUp={[Function]}
      onTouchEnd={[Function]}
      onTouchMove={[Function]}
      onTouchStart={[Function]}
      tabIndex={0}
      type="button"
    >
      <span
        className="MuiStepLabel-root MuiStepLabel-horizontal c3 MuiStepLabel-alternativeLabel RcStepLabel-alternativeLabel"
      >
        <span
          className="MuiStepLabel-iconContainer MuiStepLabel-alternativeLabel RcStepLabel-alternativeLabel"
        >
          <span
            className="c5 c8 edit icon"
          >
            <svg
              className="c7"
              viewBox="0 0 32 32"
              xmlns="http://www.w3.org/2000/svg"
            >
              <path
                d="M28.01 4a4 4 0 0 1 0 5.657L10.761 26.906c-.279.279-.635.47-1.022.547l-5.006 1.001a1 1 0 0 1-1.177-1.176l1.001-5.006c.077-.387.268-.743.547-1.022L22.353 4.001a4 4 0 0 1 5.657 0zm-4.242 7.07L20.94 8.242 6.598 22.584l2.828 2.828L23.768 11.07zm2.827-5.656a2 2 0 0 0-2.828 0l-1.413 1.413 2.828 2.828 1.413-1.414a2 2 0 0 0 0-2.828z"
              />
            </svg>
            
          </span>
        </span>
        <span
          className="MuiStepLabel-labelContainer RcStepLabel-labelContainer"
        >
          <span
            className="MuiTypography-root MuiStepLabel-label RcStepLabel-label MuiStepLabel-alternativeLabel RcStepLabel-alternativeLabel MuiTypography-body2 MuiTypography-displayBlock"
          >
            E
          </span>
        </span>
      </span>
    </button>
  </div>
  <div
    className="MuiStep-root RcStep-root MuiStep-horizontal RcStep-horizontal c1 MuiStep-alternativeLabel"
  >
    <div
      className="MuiStepConnector-root MuiStepConnector-horizontal c4 MuiStepConnector-alternativeLabel"
    >
      <span
        className="MuiStepConnector-line RcStepConnector-line MuiStepConnector-lineHorizontal"
      />
    </div>
    <span
      className="MuiStepLabel-root MuiStepLabel-horizontal c3 MuiStepLabel-alternativeLabel RcStepLabel-alternativeLabel"
    >
      <span
        className="MuiStepLabel-iconContainer MuiStepLabel-alternativeLabel RcStepLabel-alternativeLabel"
      >
        <svg
          aria-hidden={true}
          className="MuiSvgIcon-root MuiStepIcon-root RcStepIcon-root"
          focusable="false"
          viewBox="0 0 24 24"
        >
          <circle
            cx="12"
            cy="12"
            r="12"
          />
          <text
            className="MuiStepIcon-text RcStepIcon-text"
            textAnchor="middle"
            x="12"
            y="16"
          >
            6
          </text>
        </svg>
      </span>
      <span
        className="MuiStepLabel-labelContainer RcStepLabel-labelContainer"
      >
        <span
          className="MuiTypography-root MuiStepLabel-label RcStepLabel-label MuiStepLabel-alternativeLabel RcStepLabel-alternativeLabel MuiTypography-body2 MuiTypography-displayBlock"
        >
          F
        </span>
      </span>
    </span>
  </div>
</div>
`;
