// Jest Snapshot v1, https://goo.gl/fbAQLP

exports[`Storyshots ðŸš€ Cleanup Components/Stepper Stepper 1`] = `
Array [
  .c0 {
  font-size: 1.25rem;
  font-weight: 400;
  font-family: Lato,Helvetica,Arial,sans-serif;
  line-height: 28px;
  color: #121212;
}

@media (hover:hover) and (pointer:fine) {

}

@media (hover:hover) and (pointer:fine) {

}

@media (hover:hover) and (pointer:fine) {

}

<h6
    className="MuiTypography-root c0 MuiTypography-paragraph MuiTypography-displayBlock"
    data-color="neutral.f06"
    data-variant="title1"
  >
    Detail api could view each component doc
  </h6>,
  .c5 {
  font-size: 1rem;
  font-weight: 400;
  font-family: Lato,Helvetica,Arial,sans-serif;
  line-height: 24px;
  color: #757575;
}

.c1.RcStep-horizontal {
  padding-left: 16px;
  padding-right: 16px;
}

.c3 .RcStepIcon-root {
  color: #666666;
}

.c3 .RcStepIcon-active {
  color: #066FAC;
}

.c3 .RcStepIcon-text {
  fill: #FFFFFF;
  font-size: 0.875rem;
  font-weight: 400;
  font-family: Lato,Helvetica,Arial,sans-serif;
  -webkit-transform: translateY(1px);
  -ms-transform: translateY(1px);
  transform: translateY(1px);
}

.c3 .RcStepLabel-labelContainer .RcStepLabel-alternativeLabel {
  margin-top: 12px;
}

.c3 .RcStepLabel-label {
  font-size: 0.875rem;
  font-weight: 400;
  font-family: Lato,Helvetica,Arial,sans-serif;
  line-height: 20px;
  color: #666666;
}

.c3 .RcStepLabel-active {
  font-size: 0.875rem;
  font-weight: 700;
  font-family: Lato,Helvetica,Arial,sans-serif;
  line-height: 20px;
  color: #121212;
}

.c3.RcStepLabel-error .RcStepIcon-root {
  color: #BE3933;
}

.c3.RcStepLabel-error .RcStepLabel-label {
  color: #BE3933;
}

.c3.RcStepLabel-disabled .RcStepIcon-root {
  color: #C7C7C7;
}

.c3.RcStepLabel-disabled .RcStepLabel-label {
  color: #C7C7C7;
}

.c2 .RcStepButton-touchRipple {
  z-index: 1;
}

.c4 .RcStepConnector-line {
  border-color: #E5E5E5;
}

.c0 {
  padding: 24px 0px 24px 0px;
}

@media (hover:hover) and (pointer:fine) {

}

@media (hover:hover) and (pointer:fine) {

}

@media (hover:hover) and (pointer:fine) {

}

<div
    className="MuiPaper-root MuiStepper-root MuiStepper-horizontal c0 MuiStepper-alternativeLabel MuiPaper-elevation0"
  >
    <div
      className="MuiStep-root RcStep-root MuiStep-horizontal RcStep-horizontal c1 MuiStep-alternativeLabel"
    >
      <button
        className="MuiButtonBase-root MuiStepButton-root MuiStepButton-horizontal c2"
        disabled={false}
        onBlur={[Function]}
        onClick={[Function]}
        onDragLeave={[Function]}
        onFocus={[Function]}
        onKeyDown={[Function]}
        onKeyUp={[Function]}
        onMouseDown={[Function]}
        onMouseLeave={[Function]}
        onMouseUp={[Function]}
        onTouchEnd={[Function]}
        onTouchMove={[Function]}
        onTouchStart={[Function]}
        tabIndex={0}
        type="button"
      >
        <span
          className="MuiStepLabel-root MuiStepLabel-horizontal c3 MuiStepLabel-alternativeLabel RcStepLabel-alternativeLabel"
        >
          <span
            className="MuiStepLabel-iconContainer MuiStepLabel-alternativeLabel RcStepLabel-alternativeLabel"
          >
            <svg
              aria-hidden={true}
              className="MuiSvgIcon-root MuiStepIcon-root RcStepIcon-root MuiStepIcon-active RcStepIcon-active"
              focusable="false"
              viewBox="0 0 24 24"
            >
              <circle
                cx="12"
                cy="12"
                r="12"
              />
              <text
                className="MuiStepIcon-text RcStepIcon-text"
                textAnchor="middle"
                x="12"
                y="16"
              >
                1
              </text>
            </svg>
          </span>
          <span
            className="MuiStepLabel-labelContainer RcStepLabel-labelContainer"
          >
            <span
              className="MuiTypography-root MuiStepLabel-label RcStepLabel-label MuiStepLabel-alternativeLabel RcStepLabel-alternativeLabel MuiStepLabel-active RcStepLabel-active MuiTypography-body2 MuiTypography-displayBlock"
            >
              Select campaign settings
            </span>
          </span>
        </span>
        <span
          className="MuiTouchRipple-root MuiStepButton-touchRipple RcStepButton-touchRipple"
        />
      </button>
    </div>
    <div
      className="MuiStep-root RcStep-root MuiStep-horizontal RcStep-horizontal c1 MuiStep-alternativeLabel"
    >
      <div
        className="MuiStepConnector-root MuiStepConnector-horizontal c4 MuiStepConnector-alternativeLabel"
      >
        <span
          className="MuiStepConnector-line RcStepConnector-line MuiStepConnector-lineHorizontal"
        />
      </div>
      <button
        className="MuiButtonBase-root MuiStepButton-root MuiStepButton-horizontal c2"
        disabled={false}
        onBlur={[Function]}
        onClick={[Function]}
        onDragLeave={[Function]}
        onFocus={[Function]}
        onKeyDown={[Function]}
        onKeyUp={[Function]}
        onMouseDown={[Function]}
        onMouseLeave={[Function]}
        onMouseUp={[Function]}
        onTouchEnd={[Function]}
        onTouchMove={[Function]}
        onTouchStart={[Function]}
        tabIndex={0}
        type="button"
      >
        <span
          className="MuiStepLabel-root MuiStepLabel-horizontal c3 MuiStepLabel-alternativeLabel RcStepLabel-alternativeLabel"
        >
          <span
            className="MuiStepLabel-iconContainer MuiStepLabel-alternativeLabel RcStepLabel-alternativeLabel"
          >
            <svg
              aria-hidden={true}
              className="MuiSvgIcon-root MuiStepIcon-root RcStepIcon-root"
              focusable="false"
              viewBox="0 0 24 24"
            >
              <circle
                cx="12"
                cy="12"
                r="12"
              />
              <text
                className="MuiStepIcon-text RcStepIcon-text"
                textAnchor="middle"
                x="12"
                y="16"
              >
                2
              </text>
            </svg>
          </span>
          <span
            className="MuiStepLabel-labelContainer RcStepLabel-labelContainer"
          >
            <span
              className="MuiTypography-root MuiStepLabel-label RcStepLabel-label MuiStepLabel-alternativeLabel RcStepLabel-alternativeLabel MuiTypography-body2 MuiTypography-displayBlock"
            >
              Create an ad group
            </span>
            <h6
              className="MuiTypography-root c5"
              data-color="neutral.f03"
              data-variant="subheading1"
            >
              Optional
            </h6>
          </span>
        </span>
        <span
          className="MuiTouchRipple-root MuiStepButton-touchRipple RcStepButton-touchRipple"
        />
      </button>
    </div>
    <div
      className="MuiStep-root RcStep-root MuiStep-horizontal RcStep-horizontal c1 MuiStep-alternativeLabel"
    >
      <div
        className="MuiStepConnector-root MuiStepConnector-horizontal c4 MuiStepConnector-alternativeLabel"
      >
        <span
          className="MuiStepConnector-line RcStepConnector-line MuiStepConnector-lineHorizontal"
        />
      </div>
      <button
        className="MuiButtonBase-root MuiStepButton-root MuiStepButton-horizontal c2"
        disabled={false}
        onBlur={[Function]}
        onClick={[Function]}
        onDragLeave={[Function]}
        onFocus={[Function]}
        onKeyDown={[Function]}
        onKeyUp={[Function]}
        onMouseDown={[Function]}
        onMouseLeave={[Function]}
        onMouseUp={[Function]}
        onTouchEnd={[Function]}
        onTouchMove={[Function]}
        onTouchStart={[Function]}
        tabIndex={0}
        type="button"
      >
        <span
          className="MuiStepLabel-root MuiStepLabel-horizontal c3 MuiStepLabel-alternativeLabel RcStepLabel-alternativeLabel"
        >
          <span
            className="MuiStepLabel-iconContainer MuiStepLabel-alternativeLabel RcStepLabel-alternativeLabel"
          >
            <svg
              aria-hidden={true}
              className="MuiSvgIcon-root MuiStepIcon-root RcStepIcon-root"
              focusable="false"
              viewBox="0 0 24 24"
            >
              <circle
                cx="12"
                cy="12"
                r="12"
              />
              <text
                className="MuiStepIcon-text RcStepIcon-text"
                textAnchor="middle"
                x="12"
                y="16"
              >
                3
              </text>
            </svg>
          </span>
          <span
            className="MuiStepLabel-labelContainer RcStepLabel-labelContainer"
          >
            <span
              className="MuiTypography-root MuiStepLabel-label RcStepLabel-label MuiStepLabel-alternativeLabel RcStepLabel-alternativeLabel MuiTypography-body2 MuiTypography-displayBlock"
            >
              Create an ad
            </span>
          </span>
        </span>
        <span
          className="MuiTouchRipple-root MuiStepButton-touchRipple RcStepButton-touchRipple"
        />
      </button>
    </div>
  </div>,
  .c0 {
  font-size: 0.875rem;
  font-weight: 400;
  font-family: Lato,Helvetica,Arial,sans-serif;
  line-height: 20px;
  color: #121212;
}

@media (hover:hover) and (pointer:fine) {

}

@media (hover:hover) and (pointer:fine) {

}

@media (hover:hover) and (pointer:fine) {

}

<div>
    <p
      className="MuiTypography-root c0"
      data-color="neutral.f06"
      data-variant="body1"
    >
      Select campaign settings...
    </p>
  </div>,
  @media (hover:hover) and (pointer:fine) {

}

@media (hover:hover) and (pointer:fine) {

}

@media (hover:hover) and (pointer:fine) {

}

<br />,
  .c1 {
  text-transform: none;
  font-size: 0.875rem;
  font-weight: 700;
  font-family: Lato,Helvetica,Arial,sans-serif;
  text-align: center;
  box-shadow: unset;
  border-radius: 4px;
  min-width: 96px;
  min-height: 36px;
  padding: 0px 16px;
}

.c1 .RcButton-startIcon {
  margin-right: 8px;
}

.c1 .RcButton-endIcon {
  margin-left: 8px;
}

.c1.RcButton-text {
  color: #066FAC;
}

.c1.RcButton-text.RcButton-disabled {
  color: #C7C7C7;
}

.c1.RcButton-contained {
  color: #fff;
  background-color: #066FAC;
}

.c1.RcButton-contained.RcButton-disabled {
  background-color: #E5E5E5;
  color: #939393;
}

.c1.RcButton-outlined {
  color: #066FAC;
  border-color: #066FAC;
  padding: 0px 15px;
}

.c1.RcButton-outlined.RcButton-disabled {
  color: #C7C7C7;
  border-color: #C7C7C7;
}

.c0 + .c0 {
  margin-left: 1em;
}

@media (hover:hover) and (pointer:fine) {
  .c1.RcButton-text:hover {
    background-color: rgba(6,111,172,0.08);
  }
}

@media (hover:hover) and (pointer:fine) {
  .c1.RcButton-contained:hover {
    background-color: rgba(6,111,172,0.92);
  }
}

@media (hover:hover) and (pointer:fine) {
  .c1.RcButton-outlined:hover {
    background-color: rgba(6,111,172,0.08);
  }
}

<button
    className="MuiButtonBase-root MuiButton-root MuiButton-contained RcButton-contained c0 c1 Mui-disabled RcButton-disabled Mui-disabled"
    disabled={true}
    onBlur={[Function]}
    onClick={[Function]}
    onDragLeave={[Function]}
    onFocus={[Function]}
    onKeyDown={[Function]}
    onKeyUp={[Function]}
    onMouseDown={[Function]}
    onMouseLeave={[Function]}
    onMouseUp={[Function]}
    onTouchEnd={[Function]}
    onTouchMove={[Function]}
    onTouchStart={[Function]}
    tabIndex={-1}
    type="button"
  >
    <span
      className="MuiButton-label"
    >
      Back
    </span>
  </button>,
  .c1 {
  text-transform: none;
  font-size: 0.875rem;
  font-weight: 700;
  font-family: Lato,Helvetica,Arial,sans-serif;
  text-align: center;
  box-shadow: unset;
  border-radius: 4px;
  min-width: 96px;
  min-height: 36px;
  padding: 0px 16px;
}

.c1 .RcButton-startIcon {
  margin-right: 8px;
}

.c1 .RcButton-endIcon {
  margin-left: 8px;
}

.c1.RcButton-text {
  color: #066FAC;
}

.c1.RcButton-text.RcButton-disabled {
  color: #C7C7C7;
}

.c1.RcButton-contained {
  color: #fff;
  background-color: #066FAC;
}

.c1.RcButton-contained.RcButton-disabled {
  background-color: #E5E5E5;
  color: #939393;
}

.c1.RcButton-outlined {
  color: #066FAC;
  border-color: #066FAC;
  padding: 0px 15px;
}

.c1.RcButton-outlined.RcButton-disabled {
  color: #C7C7C7;
  border-color: #C7C7C7;
}

.c0 + .c0 {
  margin-left: 1em;
}

@media (hover:hover) and (pointer:fine) {
  .c1.RcButton-text:hover {
    background-color: rgba(6,111,172,0.08);
  }
}

@media (hover:hover) and (pointer:fine) {
  .c1.RcButton-contained:hover {
    background-color: rgba(6,111,172,0.92);
  }
}

@media (hover:hover) and (pointer:fine) {
  .c1.RcButton-outlined:hover {
    background-color: rgba(6,111,172,0.08);
  }
}

<button
    className="MuiButtonBase-root MuiButton-root MuiButton-contained RcButton-contained c0 c1 "
    disabled={false}
    onBlur={[Function]}
    onClick={[Function]}
    onDragLeave={[Function]}
    onFocus={[Function]}
    onKeyDown={[Function]}
    onKeyUp={[Function]}
    onMouseDown={[Function]}
    onMouseLeave={[Function]}
    onMouseUp={[Function]}
    onTouchEnd={[Function]}
    onTouchMove={[Function]}
    onTouchStart={[Function]}
    tabIndex={0}
    type="button"
  >
    <span
      className="MuiButton-label"
    >
      Next
    </span>
    <span
      className="MuiTouchRipple-root"
    />
  </button>,
  .c1 {
  text-transform: none;
  font-size: 0.875rem;
  font-weight: 700;
  font-family: Lato,Helvetica,Arial,sans-serif;
  text-align: center;
  box-shadow: unset;
  border-radius: 4px;
  min-width: 96px;
  min-height: 36px;
  padding: 0px 16px;
}

.c1 .RcButton-startIcon {
  margin-right: 8px;
}

.c1 .RcButton-endIcon {
  margin-left: 8px;
}

.c1.RcButton-text {
  color: #066FAC;
}

.c1.RcButton-text.RcButton-disabled {
  color: #C7C7C7;
}

.c1.RcButton-contained {
  color: #fff;
  background-color: #066FAC;
}

.c1.RcButton-contained.RcButton-disabled {
  background-color: #E5E5E5;
  color: #939393;
}

.c1.RcButton-outlined {
  color: #066FAC;
  border-color: #066FAC;
  padding: 0px 15px;
}

.c1.RcButton-outlined.RcButton-disabled {
  color: #C7C7C7;
  border-color: #C7C7C7;
}

.c0 + .c0 {
  margin-left: 1em;
}

@media (hover:hover) and (pointer:fine) {
  .c1.RcButton-text:hover {
    background-color: rgba(6,111,172,0.08);
  }
}

@media (hover:hover) and (pointer:fine) {
  .c1.RcButton-contained:hover {
    background-color: rgba(6,111,172,0.92);
  }
}

@media (hover:hover) and (pointer:fine) {
  .c1.RcButton-outlined:hover {
    background-color: rgba(6,111,172,0.08);
  }
}

<button
    className="MuiButtonBase-root MuiButton-root MuiButton-contained RcButton-contained c0 c1 "
    disabled={false}
    onBlur={[Function]}
    onClick={[Function]}
    onDragLeave={[Function]}
    onFocus={[Function]}
    onKeyDown={[Function]}
    onKeyUp={[Function]}
    onMouseDown={[Function]}
    onMouseLeave={[Function]}
    onMouseUp={[Function]}
    onTouchEnd={[Function]}
    onTouchMove={[Function]}
    onTouchStart={[Function]}
    tabIndex={0}
    type="button"
  >
    <span
      className="MuiButton-label"
    >
      Complete Step
    </span>
    <span
      className="MuiTouchRipple-root"
    />
  </button>,
]
`;
