// Jest Snapshot v1, https://goo.gl/fbAQLP

exports[`Storyshots ðŸš€ Cleanup Components/Lists/ListItem ListItem 1`] = `
Array [
  .c0 {
  width: 100%;
  padding-top: 5px;
  padding-bottom: 5px;
  display: -webkit-box;
  display: -webkit-flex;
  display: -ms-flexbox;
  display: flex;
  cursor: default;
  font-size: 0.875rem;
  font-weight: 400;
  font-family: Lato,Helvetica,Arial,sans-serif;
  line-height: 20px;
  color: #121212;
}

.c0.Mui-focusVisible {
  background-color: unset;
}

.c0.focus-visible,
.c0[data-focus-visible-added] {
  background-color: rgba(102,102,102,0.16);
}

.c0.RcListItem-selected,
.c0.RcListItem-selected:hover {
  background-color: rgba(102,102,102,0.12);
}

.c0 .RcListItemTouchRipple-rippleVisible {
  color: #666666;
}

.c0.RcListItem-gutters {
  padding-left: 16px;
  padding-right: 16px;
}

.c0.RcListItem-dense {
  padding-top: 4px;
  padding-bottom: 4px;
}

.c1 {
  padding: 0;
  margin: 0 8px 0 0;
}

.c1.RcListItemText-multiline {
  margin: 4px 8px 4px 0px;
}

.c1.RcListItemText-inset {
  padding-left: 56px;
}

.c1 .RcListItemText-primary {
  white-space: nowrap;
  overflow: hidden;
  text-overflow: ellipsis;
  -webkit-text-decoration-line: inherit;
  text-decoration-line: inherit;
  font-size: 0.875rem;
  font-weight: 400;
  font-family: Lato,Helvetica,Arial,sans-serif;
  line-height: 20px;
  color: #121212;
}

.c1 .RcListItemText-secondary {
  white-space: nowrap;
  overflow: hidden;
  text-overflow: ellipsis;
  -webkit-text-decoration-line: inherit;
  text-decoration-line: inherit;
  font-size: 0.75rem;
  font-weight: 400;
  font-family: Lato,Helvetica,Arial,sans-serif;
  line-height: 16px;
  color: #666666;
}

@media (hover:hover) and (pointer:fine) {
  .c0:hover {
    background-color: rgba(102,102,102,0.08);
  }
}

@media (hover:hover) and (pointer:fine) {

}

@media (hover:hover) and (pointer:fine) {

}

@media (hover:hover) and (pointer:fine) {

}

<div
    aria-disabled={false}
    className="MuiButtonBase-root MuiListItem-root c0 RcListItem-multiline MuiListItem-gutters RcListItem-gutters MuiListItem-button"
    onBlur={[Function]}
    onDragLeave={[Function]}
    onFocus={[Function]}
    onKeyDown={[Function]}
    onKeyUp={[Function]}
    onMouseDown={[Function]}
    onMouseLeave={[Function]}
    onMouseUp={[Function]}
    onTouchEnd={[Function]}
    onTouchMove={[Function]}
    onTouchStart={[Function]}
    role="button"
    tabIndex={0}
  >
    <div
      className="MuiListItemText-root c1"
    >
      <span
        className="MuiTypography-root MuiListItemText-primary RcListItemText-primary MuiTypography-body1 MuiTypography-displayBlock"
      >
        ListItem Content
      </span>
    </div>
    <span
      className="MuiTouchRipple-root"
    />
  </div>,
  @media (hover:hover) and (pointer:fine) {

}

@media (hover:hover) and (pointer:fine) {

}

@media (hover:hover) and (pointer:fine) {

}

@media (hover:hover) and (pointer:fine) {

}

<br />,
  .c0 {
  width: 100%;
  padding-top: 5px;
  padding-bottom: 5px;
  display: -webkit-box;
  display: -webkit-flex;
  display: -ms-flexbox;
  display: flex;
  cursor: default;
  font-size: 0.875rem;
  font-weight: 400;
  font-family: Lato,Helvetica,Arial,sans-serif;
  line-height: 20px;
  color: #121212;
}

.c0.Mui-focusVisible {
  background-color: unset;
}

.c0.focus-visible,
.c0[data-focus-visible-added] {
  background-color: rgba(102,102,102,0.16);
}

.c0.RcListItem-selected,
.c0.RcListItem-selected:hover {
  background-color: rgba(102,102,102,0.12);
}

.c0 .RcListItemTouchRipple-rippleVisible {
  color: #666666;
}

.c0.RcListItem-gutters {
  padding-left: 16px;
  padding-right: 16px;
}

.c0.RcListItem-dense {
  padding-top: 4px;
  padding-bottom: 4px;
}

.c1 {
  padding: 0;
  margin: 0 8px 0 0;
}

.c1.RcListItemText-multiline {
  margin: 4px 8px 4px 0px;
}

.c1.RcListItemText-inset {
  padding-left: 56px;
}

.c1 .RcListItemText-primary {
  white-space: nowrap;
  overflow: hidden;
  text-overflow: ellipsis;
  -webkit-text-decoration-line: inherit;
  text-decoration-line: inherit;
  font-size: 0.875rem;
  font-weight: 400;
  font-family: Lato,Helvetica,Arial,sans-serif;
  line-height: 20px;
  color: #121212;
}

.c1 .RcListItemText-secondary {
  white-space: nowrap;
  overflow: hidden;
  text-overflow: ellipsis;
  -webkit-text-decoration-line: inherit;
  text-decoration-line: inherit;
  font-size: 0.75rem;
  font-weight: 400;
  font-family: Lato,Helvetica,Arial,sans-serif;
  line-height: 16px;
  color: #666666;
}

@media (hover:hover) and (pointer:fine) {
  .c0:hover {
    background-color: rgba(102,102,102,0.08);
  }
}

@media (hover:hover) and (pointer:fine) {

}

@media (hover:hover) and (pointer:fine) {

}

@media (hover:hover) and (pointer:fine) {

}

<div
    aria-disabled={false}
    className="MuiButtonBase-root MuiListItem-root c0 RcListItem-multiline MuiListItem-gutters RcListItem-gutters MuiListItem-button Mui-selected RcListItem-selected"
    onBlur={[Function]}
    onDragLeave={[Function]}
    onFocus={[Function]}
    onKeyDown={[Function]}
    onKeyUp={[Function]}
    onMouseDown={[Function]}
    onMouseLeave={[Function]}
    onMouseUp={[Function]}
    onTouchEnd={[Function]}
    onTouchMove={[Function]}
    onTouchStart={[Function]}
    role="button"
    tabIndex={0}
  >
    <div
      className="MuiListItemText-root c1 MuiListItemText-multiline RcListItemText-multiline"
    >
      <span
        className="MuiTypography-root MuiListItemText-primary RcListItemText-primary MuiTypography-body1 MuiTypography-displayBlock"
      >
        Selected Primary content
      </span>
      <p
        className="MuiTypography-root MuiListItemText-secondary RcListItemText-secondary MuiTypography-body2 MuiTypography-colorTextSecondary MuiTypography-displayBlock"
      >
        Secondary content
      </p>
    </div>
    <span
      className="MuiTouchRipple-root"
    />
  </div>,
  @media (hover:hover) and (pointer:fine) {

}

@media (hover:hover) and (pointer:fine) {

}

@media (hover:hover) and (pointer:fine) {

}

@media (hover:hover) and (pointer:fine) {

}

<br />,
  .c0 {
  width: 100%;
  padding-top: 5px;
  padding-bottom: 5px;
  display: -webkit-box;
  display: -webkit-flex;
  display: -ms-flexbox;
  display: flex;
  cursor: default;
  font-size: 0.875rem;
  font-weight: 400;
  font-family: Lato,Helvetica,Arial,sans-serif;
  line-height: 20px;
  color: #121212;
}

.c0.Mui-focusVisible {
  background-color: unset;
}

.c0.focus-visible,
.c0[data-focus-visible-added] {
  background-color: rgba(102,102,102,0.16);
}

.c0.RcListItem-selected,
.c0.RcListItem-selected:hover {
  background-color: rgba(102,102,102,0.12);
}

.c0 .RcListItemTouchRipple-rippleVisible {
  color: #666666;
}

.c0.RcListItem-gutters {
  padding-left: 16px;
  padding-right: 16px;
}

.c0.RcListItem-dense {
  padding-top: 4px;
  padding-bottom: 4px;
}

.c1 {
  padding: 0;
  margin: 0 8px 0 0;
}

.c1.RcListItemText-multiline {
  margin: 4px 8px 4px 0px;
}

.c1.RcListItemText-inset {
  padding-left: 56px;
}

.c1 .RcListItemText-primary {
  white-space: nowrap;
  overflow: hidden;
  text-overflow: ellipsis;
  -webkit-text-decoration-line: inherit;
  text-decoration-line: inherit;
  font-size: 0.875rem;
  font-weight: 400;
  font-family: Lato,Helvetica,Arial,sans-serif;
  line-height: 20px;
  color: #121212;
}

.c1 .RcListItemText-secondary {
  white-space: nowrap;
  overflow: hidden;
  text-overflow: ellipsis;
  -webkit-text-decoration-line: inherit;
  text-decoration-line: inherit;
  font-size: 0.75rem;
  font-weight: 400;
  font-family: Lato,Helvetica,Arial,sans-serif;
  line-height: 16px;
  color: #666666;
}

@media (hover:hover) and (pointer:fine) {
  .c0:hover {
    background-color: rgba(102,102,102,0.08);
  }
}

@media (hover:hover) and (pointer:fine) {

}

@media (hover:hover) and (pointer:fine) {

}

@media (hover:hover) and (pointer:fine) {

}

<div
    aria-disabled={false}
    className="MuiButtonBase-root MuiListItem-root c0 RcListItem-multiline RcListItem-focusVisible MuiListItem-gutters RcListItem-gutters MuiListItem-button"
    onBlur={[Function]}
    onDragLeave={[Function]}
    onFocus={[Function]}
    onKeyDown={[Function]}
    onKeyUp={[Function]}
    onMouseDown={[Function]}
    onMouseLeave={[Function]}
    onMouseUp={[Function]}
    onTouchEnd={[Function]}
    onTouchMove={[Function]}
    onTouchStart={[Function]}
    role="button"
    tabIndex={0}
  >
    <div
      className="MuiListItemText-root c1 MuiListItemText-multiline RcListItemText-multiline"
    >
      <span
        className="MuiTypography-root MuiListItemText-primary RcListItemText-primary MuiTypography-body1 MuiTypography-displayBlock"
      >
        Focused Primary content
      </span>
      <p
        className="MuiTypography-root MuiListItemText-secondary RcListItemText-secondary MuiTypography-body2 MuiTypography-colorTextSecondary MuiTypography-displayBlock"
      >
        Secondary content
      </p>
    </div>
    <span
      className="MuiTouchRipple-root"
    />
  </div>,
  @media (hover:hover) and (pointer:fine) {

}

@media (hover:hover) and (pointer:fine) {

}

@media (hover:hover) and (pointer:fine) {

}

@media (hover:hover) and (pointer:fine) {

}

<br />,
  .c0 {
  width: 100%;
  padding-top: 5px;
  padding-bottom: 5px;
  display: -webkit-box;
  display: -webkit-flex;
  display: -ms-flexbox;
  display: flex;
  cursor: default;
  font-size: 0.875rem;
  font-weight: 400;
  font-family: Lato,Helvetica,Arial,sans-serif;
  line-height: 20px;
  color: #121212;
  background-color: rgba(102,102,102,0.05);
}

.c0.Mui-focusVisible {
  background-color: unset;
}

.c0.focus-visible,
.c0[data-focus-visible-added] {
  background-color: rgba(102,102,102,0.16);
}

.c0.RcListItem-selected,
.c0.RcListItem-selected:hover {
  background-color: rgba(102,102,102,0.12);
}

.c0 .RcListItemTouchRipple-rippleVisible {
  color: #666666;
}

.c0.RcListItem-gutters {
  padding-left: 16px;
  padding-right: 16px;
}

.c0.RcListItem-dense {
  padding-top: 4px;
  padding-bottom: 4px;
}

.c1 {
  padding: 0;
  margin: 0 8px 0 0;
}

.c1.RcListItemText-multiline {
  margin: 4px 8px 4px 0px;
}

.c1.RcListItemText-inset {
  padding-left: 56px;
}

.c1 .RcListItemText-primary {
  white-space: nowrap;
  overflow: hidden;
  text-overflow: ellipsis;
  -webkit-text-decoration-line: inherit;
  text-decoration-line: inherit;
  font-size: 0.875rem;
  font-weight: 400;
  font-family: Lato,Helvetica,Arial,sans-serif;
  line-height: 20px;
  color: #121212;
}

.c1 .RcListItemText-secondary {
  white-space: nowrap;
  overflow: hidden;
  text-overflow: ellipsis;
  -webkit-text-decoration-line: inherit;
  text-decoration-line: inherit;
  font-size: 0.75rem;
  font-weight: 400;
  font-family: Lato,Helvetica,Arial,sans-serif;
  line-height: 16px;
  color: #666666;
}

@media (hover:hover) and (pointer:fine) {

}

@media (hover:hover) and (pointer:fine) {
  .c0:hover {
    background-color: rgba(102,102,102,0.08);
  }
}

@media (hover:hover) and (pointer:fine) {

}

@media (hover:hover) and (pointer:fine) {

}

<div
    aria-disabled={false}
    className="MuiButtonBase-root MuiListItem-root c0 RcListItem-multiline MuiListItem-gutters RcListItem-gutters MuiListItem-button"
    onBlur={[Function]}
    onDragLeave={[Function]}
    onFocus={[Function]}
    onKeyDown={[Function]}
    onKeyUp={[Function]}
    onMouseDown={[Function]}
    onMouseLeave={[Function]}
    onMouseUp={[Function]}
    onTouchEnd={[Function]}
    onTouchMove={[Function]}
    onTouchStart={[Function]}
    role="button"
    tabIndex={0}
  >
    <div
      className="MuiListItemText-root c1 MuiListItemText-multiline RcListItemText-multiline"
    >
      <span
        className="MuiTypography-root MuiListItemText-primary RcListItemText-primary MuiTypography-body1 MuiTypography-displayBlock"
      >
        Highlighted Primary content
      </span>
      <p
        className="MuiTypography-root MuiListItemText-secondary RcListItemText-secondary MuiTypography-body2 MuiTypography-colorTextSecondary MuiTypography-displayBlock"
      >
        Secondary content
      </p>
    </div>
    <span
      className="MuiTouchRipple-root"
    />
  </div>,
  @media (hover:hover) and (pointer:fine) {

}

@media (hover:hover) and (pointer:fine) {

}

@media (hover:hover) and (pointer:fine) {

}

@media (hover:hover) and (pointer:fine) {

}

<br />,
  .c0 {
  width: 100%;
  padding-top: 5px;
  padding-bottom: 5px;
  display: -webkit-box;
  display: -webkit-flex;
  display: -ms-flexbox;
  display: flex;
  cursor: default;
  font-size: 0.875rem;
  font-weight: 400;
  font-family: Lato,Helvetica,Arial,sans-serif;
  line-height: 20px;
  color: #121212;
  background-color: rgba(60,153,73,0.05);
}

.c0.Mui-focusVisible {
  background-color: unset;
}

.c0.focus-visible,
.c0[data-focus-visible-added] {
  background-color: rgba(60,153,73,0.16);
}

.c0.RcListItem-selected,
.c0.RcListItem-selected:hover {
  background-color: rgba(60,153,73,0.12);
}

.c0 .RcListItemTouchRipple-rippleVisible {
  color: #3C9949;
}

.c0.RcListItem-gutters {
  padding-left: 16px;
  padding-right: 16px;
}

.c0.RcListItem-dense {
  padding-top: 4px;
  padding-bottom: 4px;
}

.c1 {
  padding: 0;
  margin: 0 8px 0 0;
}

.c1.RcListItemText-multiline {
  margin: 4px 8px 4px 0px;
}

.c1.RcListItemText-inset {
  padding-left: 56px;
}

.c1 .RcListItemText-primary {
  white-space: nowrap;
  overflow: hidden;
  text-overflow: ellipsis;
  -webkit-text-decoration-line: inherit;
  text-decoration-line: inherit;
  font-size: 0.875rem;
  font-weight: 400;
  font-family: Lato,Helvetica,Arial,sans-serif;
  line-height: 20px;
  color: #121212;
}

.c1 .RcListItemText-secondary {
  white-space: nowrap;
  overflow: hidden;
  text-overflow: ellipsis;
  -webkit-text-decoration-line: inherit;
  text-decoration-line: inherit;
  font-size: 0.75rem;
  font-weight: 400;
  font-family: Lato,Helvetica,Arial,sans-serif;
  line-height: 16px;
  color: #666666;
}

@media (hover:hover) and (pointer:fine) {

}

@media (hover:hover) and (pointer:fine) {

}

@media (hover:hover) and (pointer:fine) {
  .c0:hover {
    background-color: rgba(60,153,73,0.08);
  }
}

@media (hover:hover) and (pointer:fine) {

}

<div
    aria-disabled={false}
    className="MuiButtonBase-root MuiListItem-root c0 RcListItem-multiline MuiListItem-gutters RcListItem-gutters MuiListItem-button"
    onBlur={[Function]}
    onDragLeave={[Function]}
    onFocus={[Function]}
    onKeyDown={[Function]}
    onKeyUp={[Function]}
    onMouseDown={[Function]}
    onMouseLeave={[Function]}
    onMouseUp={[Function]}
    onTouchEnd={[Function]}
    onTouchMove={[Function]}
    onTouchStart={[Function]}
    role="button"
    tabIndex={0}
  >
    <div
      className="MuiListItemText-root c1 MuiListItemText-multiline RcListItemText-multiline"
    >
      <span
        className="MuiTypography-root MuiListItemText-primary RcListItemText-primary MuiTypography-body1 MuiTypography-displayBlock"
      >
        Primary content
      </span>
      <p
        className="MuiTypography-root MuiListItemText-secondary RcListItemText-secondary MuiTypography-body2 MuiTypography-colorTextSecondary MuiTypography-displayBlock"
      >
        Secondary content
      </p>
    </div>
    <span
      className="MuiTouchRipple-root"
    />
  </div>,
  @media (hover:hover) and (pointer:fine) {

}

@media (hover:hover) and (pointer:fine) {

}

@media (hover:hover) and (pointer:fine) {

}

@media (hover:hover) and (pointer:fine) {

}

<br />,
  .c0 {
  width: 100%;
  padding-top: 5px;
  padding-bottom: 5px;
  display: -webkit-box;
  display: -webkit-flex;
  display: -ms-flexbox;
  display: flex;
  cursor: default;
  font-size: 0.875rem;
  font-weight: 400;
  font-family: Lato,Helvetica,Arial,sans-serif;
  line-height: 20px;
  color: #121212;
  background-color: rgba(255,136,0,0.05);
}

.c0.Mui-focusVisible {
  background-color: unset;
}

.c0.focus-visible,
.c0[data-focus-visible-added] {
  background-color: rgba(255,136,0,0.16);
}

.c0.RcListItem-selected,
.c0.RcListItem-selected:hover {
  background-color: rgba(255,136,0,0.12);
}

.c0 .RcListItemTouchRipple-rippleVisible {
  color: #FF8800;
}

.c0.RcListItem-gutters {
  padding-left: 16px;
  padding-right: 16px;
}

.c0.RcListItem-dense {
  padding-top: 4px;
  padding-bottom: 4px;
}

.c1 {
  padding: 0;
  margin: 0 8px 0 0;
}

.c1.RcListItemText-multiline {
  margin: 4px 8px 4px 0px;
}

.c1.RcListItemText-inset {
  padding-left: 56px;
}

.c1 .RcListItemText-primary {
  white-space: nowrap;
  overflow: hidden;
  text-overflow: ellipsis;
  -webkit-text-decoration-line: inherit;
  text-decoration-line: inherit;
  font-size: 0.875rem;
  font-weight: 400;
  font-family: Lato,Helvetica,Arial,sans-serif;
  line-height: 20px;
  color: #121212;
}

.c1 .RcListItemText-secondary {
  white-space: nowrap;
  overflow: hidden;
  text-overflow: ellipsis;
  -webkit-text-decoration-line: inherit;
  text-decoration-line: inherit;
  font-size: 0.75rem;
  font-weight: 400;
  font-family: Lato,Helvetica,Arial,sans-serif;
  line-height: 16px;
  color: #666666;
}

@media (hover:hover) and (pointer:fine) {

}

@media (hover:hover) and (pointer:fine) {

}

@media (hover:hover) and (pointer:fine) {

}

@media (hover:hover) and (pointer:fine) {
  .c0:hover {
    background-color: rgba(255,136,0,0.08);
  }
}

<div
    aria-disabled={false}
    className="MuiButtonBase-root MuiListItem-root c0 RcListItem-multiline MuiListItem-gutters RcListItem-gutters MuiListItem-button"
    onBlur={[Function]}
    onDragLeave={[Function]}
    onFocus={[Function]}
    onKeyDown={[Function]}
    onKeyUp={[Function]}
    onMouseDown={[Function]}
    onMouseLeave={[Function]}
    onMouseUp={[Function]}
    onTouchEnd={[Function]}
    onTouchMove={[Function]}
    onTouchStart={[Function]}
    role="button"
    tabIndex={0}
  >
    <div
      className="MuiListItemText-root c1 MuiListItemText-multiline RcListItemText-multiline"
    >
      <span
        className="MuiTypography-root MuiListItemText-primary RcListItemText-primary MuiTypography-body1 MuiTypography-displayBlock"
      >
        Primary content
      </span>
      <p
        className="MuiTypography-root MuiListItemText-secondary RcListItemText-secondary MuiTypography-body2 MuiTypography-colorTextSecondary MuiTypography-displayBlock"
      >
        Secondary content
      </p>
    </div>
    <span
      className="MuiTouchRipple-root"
    />
  </div>,
]
`;
