// Jest Snapshot v1, https://goo.gl/fbAQLP

exports[`Storyshots ðŸš€ Cleanup Components/Menu/SubMenu SubMenu With Menu 1`] = `
.c0 {
  text-transform: none;
  font-size: 0.875rem;
  font-weight: 700;
  font-family: Lato,Helvetica,Arial,sans-serif;
  text-align: center;
  box-shadow: unset;
  border-radius: 4px;
  min-width: 96px;
  min-height: 36px;
  padding: 0px 16px;
}

.c0 .RcButton-startIcon {
  margin-right: 8px;
}

.c0 .RcButton-endIcon {
  margin-left: 8px;
}

.c0.RcButton-text {
  color: #066FAC;
}

.c0.RcButton-text.RcButton-disabled {
  color: #C7C7C7;
}

.c0.RcButton-contained {
  color: #fff;
  background-color: #066FAC;
}

.c0.RcButton-contained.RcButton-disabled {
  background-color: #E5E5E5;
  color: #939393;
}

.c0.RcButton-outlined {
  color: #066FAC;
  border-color: #066FAC;
  padding: 0px 15px;
}

.c0.RcButton-outlined.RcButton-disabled {
  color: #C7C7C7;
  border-color: #C7C7C7;
}

@media (hover:hover) and (pointer:fine) {
  .c0.RcButton-text:hover {
    background-color: rgba(6,111,172,0.08);
  }
}

@media (hover:hover) and (pointer:fine) {
  .c0.RcButton-contained:hover {
    background-color: rgba(6,111,172,0.92);
  }
}

@media (hover:hover) and (pointer:fine) {
  .c0.RcButton-outlined:hover {
    background-color: rgba(6,111,172,0.08);
  }
}

<button
  className="MuiButtonBase-root MuiButton-root MuiButton-contained RcButton-contained c0"
  disabled={false}
  onBlur={[Function]}
  onClick={[Function]}
  onDragLeave={[Function]}
  onFocus={[Function]}
  onKeyDown={[Function]}
  onKeyUp={[Function]}
  onMouseDown={[Function]}
  onMouseLeave={[Function]}
  onMouseUp={[Function]}
  onTouchEnd={[Function]}
  onTouchMove={[Function]}
  onTouchStart={[Function]}
  tabIndex={0}
  type="button"
>
  <span
    className="MuiButton-label"
  >
    Open Menu
  </span>
  <span
    className="MuiTouchRipple-root"
  />
</button>
`;

exports[`Storyshots ðŸš€ Cleanup Components/Menu/SubMenu SubMenu With MenuList 1`] = `
.c6 {
  width: 1em;
  height: 1em;
  stroke-width: 0;
  stroke: currentColor;
  fill: currentColor;
  pointer-events: none;
}

.c5 {
  display: -webkit-inline-box;
  display: -webkit-inline-flex;
  display: -ms-inline-flexbox;
  display: inline-flex;
  font-size: 20px;
  color: #666666;
}

.c3 {
  display: -webkit-box;
  display: -webkit-flex;
  display: -ms-flexbox;
  display: flex;
  -webkit-box-pack: center;
  -webkit-justify-content: center;
  -ms-flex-pack: center;
  justify-content: center;
  -webkit-align-items: center;
  -webkit-box-align: center;
  -ms-flex-align: center;
  align-items: center;
  font-size: 0.75rem;
  font-weight: 400;
  font-family: Lato,Helvetica,Arial,sans-serif;
  line-height: 16px;
  color: #666666;
}

.c3 > * + * {
  margin-left: 8px;
}

.c2 {
  padding: 0;
  margin: 0 8px 0 0;
}

.c2.RcListItemText-multiline {
  margin: 4px 8px 4px 0px;
}

.c2.RcListItemText-inset {
  padding-left: 56px;
}

.c2 .RcListItemText-primary {
  white-space: nowrap;
  overflow: hidden;
  text-overflow: ellipsis;
  -webkit-text-decoration-line: inherit;
  text-decoration-line: inherit;
  font-size: 0.875rem;
  font-weight: 400;
  font-family: Lato,Helvetica,Arial,sans-serif;
  line-height: 20px;
  color: #121212;
}

.c2 .RcListItemText-secondary {
  white-space: nowrap;
  overflow: hidden;
  text-overflow: ellipsis;
  -webkit-text-decoration-line: inherit;
  text-decoration-line: inherit;
  font-size: 0.75rem;
  font-weight: 400;
  font-family: Lato,Helvetica,Arial,sans-serif;
  line-height: 16px;
  color: #666666;
}

.c1 {
  outline: none;
  box-sizing: border-box;
  height: auto;
  min-height: 32px;
  min-width: 112px;
  padding-top: 4px;
  padding-bottom: 4px;
  font-size: 0.875rem;
  font-weight: 400;
  font-family: Lato,Helvetica,Arial,sans-serif;
  line-height: 20px;
  color: #121212;
}

.c1.Mui-focusVisible {
  background-color: unset;
}

.c1.focus-visible,
.c1[data-focus-visible-added] {
  background-color: rgba(102,102,102,0.16);
}

.c1.RcMenuItem-selected,
.c1.RcMenuItem-selected:hover {
  background-color: rgba(102,102,102,0.12);
}

.c1 .RcMenuItemTouchRipple-rippleVisible {
  color: #666666;
}

.c1 .RcMenuItem-gutters {
  padding-left: 16px;
  padding-right: 16px;
}

.c1.RcMenuItem-dense {
  padding-top: 4px;
  padding-bottom: 4px;
  min-height: auto;
  line-height: 22px;
  font-weight: 700;
}

.c0 {
  overflow: auto;
}

.c4 {
  position: relative;
  -webkit-transform: none;
  -ms-transform: none;
  transform: none;
  right: 0;
  top: 0;
}

@media (hover:hover) and (pointer:fine) {
  .c1:hover {
    background-color: rgba(102,102,102,0.08);
  }
}

<ul
  className="MuiList-root c0 MuiList-padding"
  onKeyDown={[Function]}
  role="menu"
  style={
    Object {
      "width": "180px",
    }
  }
  tabIndex={-1}
>
  <li
    aria-controls="rc-juno-id-0"
    aria-disabled={false}
    aria-expanded={false}
    aria-haspopup="true"
    className="MuiButtonBase-root MuiListItem-root MuiMenuItem-root c1 MuiMenuItem-gutters RcMenuItem-gutters MuiListItem-gutters MuiListItem-button"
    data-menuitem-id="menu-item-0"
    onBlur={[Function]}
    onClick={[Function]}
    onDragLeave={[Function]}
    onFocus={[Function]}
    onKeyDown={[Function]}
    onKeyUp={[Function]}
    onMouseDown={[Function]}
    onMouseEnter={[Function]}
    onMouseLeave={[Function]}
    onMouseUp={[Function]}
    onTouchEnd={[Function]}
    onTouchMove={[Function]}
    onTouchStart={[Function]}
    role="menuitem"
    tabIndex={0}
  >
    <div
      className="MuiListItemText-root c2"
    >
      <span
        className="MuiTypography-root MuiListItemText-primary RcListItemText-primary MuiTypography-body1 MuiTypography-displayBlock"
      >
        SubMenu Item
      </span>
    </div>
    <div
      className="MuiListItemSecondaryAction-root c3 c4"
    >
      <span
        className="c5 arrow_right icon"
      >
        <svg
          className="c6"
          viewBox="0 0 32 32"
          xmlns="http://www.w3.org/2000/svg"
        >
          <path
            d="M13.05 9.636a.999.999 0 0 0 0 1.414L18 16l-4.95 4.95a.999.999 0 1 0 1.414 1.414l5.657-5.657a.999.999 0 0 0 0-1.414l-5.657-5.657a.999.999 0 0 0-1.414 0z"
          />
        </svg>
        
      </span>
    </div>
  </li>
  <li
    aria-disabled={false}
    className="MuiButtonBase-root MuiListItem-root MuiMenuItem-root c1 MuiMenuItem-gutters RcMenuItem-gutters MuiListItem-gutters MuiListItem-button"
    data-menuitem-id="menu-item-0"
    onBlur={[Function]}
    onClick={[Function]}
    onDragLeave={[Function]}
    onFocus={[Function]}
    onKeyDown={[Function]}
    onKeyUp={[Function]}
    onMouseDown={[Function]}
    onMouseEnter={[Function]}
    onMouseLeave={[Function]}
    onMouseUp={[Function]}
    onTouchEnd={[Function]}
    onTouchMove={[Function]}
    onTouchStart={[Function]}
    role="menuitem"
    tabIndex={-1}
  >
    <div
      className="MuiListItemText-root c2"
    >
      <span
        className="MuiTypography-root MuiListItemText-primary RcListItemText-primary MuiTypography-body1 MuiTypography-displayBlock"
      >
        MenuItem 1
      </span>
    </div>
  </li>
  <li
    aria-disabled={false}
    className="MuiButtonBase-root MuiListItem-root MuiMenuItem-root c1 MuiMenuItem-gutters RcMenuItem-gutters MuiListItem-gutters MuiListItem-button"
    data-menuitem-id="menu-item-0"
    onBlur={[Function]}
    onClick={[Function]}
    onDragLeave={[Function]}
    onFocus={[Function]}
    onKeyDown={[Function]}
    onKeyUp={[Function]}
    onMouseDown={[Function]}
    onMouseEnter={[Function]}
    onMouseLeave={[Function]}
    onMouseUp={[Function]}
    onTouchEnd={[Function]}
    onTouchMove={[Function]}
    onTouchStart={[Function]}
    role="menuitem"
    tabIndex={-1}
  >
    <div
      className="MuiListItemText-root c2"
    >
      <span
        className="MuiTypography-root MuiListItemText-primary RcListItemText-primary MuiTypography-body1 MuiTypography-displayBlock"
      >
        MenuItem 2
      </span>
    </div>
  </li>
  <li
    aria-controls="rc-juno-id-0"
    aria-disabled={false}
    aria-expanded={false}
    aria-haspopup="true"
    className="MuiButtonBase-root MuiListItem-root MuiMenuItem-root c1 MuiMenuItem-gutters RcMenuItem-gutters MuiListItem-gutters MuiListItem-button"
    data-menuitem-id="menu-item-0"
    onBlur={[Function]}
    onClick={[Function]}
    onDragLeave={[Function]}
    onFocus={[Function]}
    onKeyDown={[Function]}
    onKeyUp={[Function]}
    onMouseDown={[Function]}
    onMouseEnter={[Function]}
    onMouseLeave={[Function]}
    onMouseUp={[Function]}
    onTouchEnd={[Function]}
    onTouchMove={[Function]}
    onTouchStart={[Function]}
    role="menuitem"
    tabIndex={-1}
  >
    <div
      className="MuiListItemText-root c2"
    >
      <span
        className="MuiTypography-root MuiListItemText-primary RcListItemText-primary MuiTypography-body1 MuiTypography-displayBlock"
      >
        SubMenu Item
      </span>
    </div>
    <div
      className="MuiListItemSecondaryAction-root c3 c4"
    >
      <span
        className="c5 arrow_right icon"
      >
        <svg
          className="c6"
          viewBox="0 0 32 32"
          xmlns="http://www.w3.org/2000/svg"
        >
          <path
            d="M13.05 9.636a.999.999 0 0 0 0 1.414L18 16l-4.95 4.95a.999.999 0 1 0 1.414 1.414l5.657-5.657a.999.999 0 0 0 0-1.414l-5.657-5.657a.999.999 0 0 0-1.414 0z"
          />
        </svg>
        
      </span>
    </div>
  </li>
</ul>
`;
