// Jest Snapshot v1, https://goo.gl/fbAQLP

exports[`Storyshots ðŸ”§ Foundation/Hooks/useKeyDownOnce useKeyDownOnce 1`] = `
Array [
  .c0 {
  font-size: 0.9375rem;
  font-weight: 400;
  font-family: Lato,Helvetica,Arial,sans-serif;
  line-height: 22px;
  color: #121212;
}

@media (hover:hover) and (pointer:fine) {

}

@media (hover:hover) and (pointer:fine) {

}

@media (hover:hover) and (pointer:fine) {

}

<p
    className="MuiTypography-root c0 MuiTypography-paragraph MuiTypography-displayBlock"
    data-color="neutral.f06"
    data-variant="body1"
  >
    Trigger onKeyDown once time when hold press on key(1,2,3), others will not trigger event
  </p>,
  .c6 {
  width: 1em;
  height: 1em;
  stroke-width: 0;
  stroke: currentColor;
  fill: currentColor;
  pointer-events: none;
}

.c5 {
  display: -webkit-inline-box;
  display: -webkit-inline-flex;
  display: -ms-inline-flexbox;
  display: inline-flex;
  font-size: 24px;
}

.c2 {
  display: -webkit-inline-box;
  display: -webkit-inline-flex;
  display: -ms-inline-flexbox;
  display: inline-flex;
  -webkit-box-pack: center;
  -webkit-justify-content: center;
  -ms-flex-pack: center;
  justify-content: center;
  -webkit-align-items: center;
  -webkit-box-align: center;
  -ms-flex-align: center;
  align-items: center;
  width: 20px;
  height: 20px;
  color: #666666;
  border-radius: 50%;
  -webkit-transition: background 150ms cubic-bezier(0.4,0,0.2,1) 0ms;
  transition: background 150ms cubic-bezier(0.4,0,0.2,1) 0ms;
  cursor: pointer;
  font-size: 20px;
}

.c2:active {
  color: #666666;
}

.c2.focus-visible,
.c2[data-focus-visible-added] {
  background-color: transparent;
}

.c2.focus-visible:active,
.c2[data-focus-visible-added]:active {
  color: rgba(102,102,102,0.88);
}

.c2.focus-visible:after,
.c2[data-focus-visible-added]:after {
  content: '';
  position: absolute;
  top: -4px;
  right: -4px;
  bottom: -4px;
  left: -4px;
  box-shadow: 0 0 0 1px #066FAC;
  border-radius: 50%;
  pointer-events: none;
  z-index: 1;
}

.c2.RcIconButton-persistBg {
  background-color: rgba(102,102,102,0.12);
}

.c2.RcIconButton-disabled {
  color: #B9B9B9;
}

.c2.RcIconButton-invisible {
  opacity: 0;
  visibility: hidden;
  width: 0;
  height: 0;
}

.c2.RcIconButton-outline {
  border: 1px solid #C7C7C7;
}

.c2.RcIconButton-contained {
  color: #fff;
  background-color: #666666;
}

.c2.RcIconButton-contained:before {
  content: '';
  left: 0;
  right: 0;
  top: 0;
  bottom: 0;
  width: 100%;
  height: 100%;
  border-radius: 50%;
  position: absolute;
}

.c2.RcIconButton-contained.focus-visible,
.c2.RcIconButton-contained[data-focus-visible-added] {
  color: #fff;
}

.c2.RcIconButton-contained.focus-visible:before,
.c2.RcIconButton-contained[data-focus-visible-added]:before {
  background-color: rgba(255,255,255,0.16);
}

.c2.RcIconButton-contained:active {
  color: #fff;
}

.c2 .RcIconButtonTouchRipple-ripplePulsate {
  border-radius: 0;
  -webkit-animation-name: none;
  animation-name: none;
  opacity: 0;
}

.c7 {
  position: absolute;
  right: 0;
  pointer-events: none;
}

.c4 {
  display: -webkit-box;
  display: -webkit-flex;
  display: -ms-flexbox;
  display: flex;
  -webkit-align-items: center;
  -webkit-box-align: center;
  -ms-flex-align: center;
  align-items: center;
  position: relative;
}

.c0 {
  width: 168px;
}

.c0 *:not(input) + .c1 {
  margin-left: 12px;
}

.c0 .RcTextFieldInputLabel-root {
  font-size: 0.75rem;
  font-weight: 700;
  font-family: Lato,Helvetica,Arial,sans-serif;
  line-height: 16px;
  color: #666666;
  -webkit-transform: scale(1);
  -ms-transform: scale(1);
  transform: scale(1);
}

.c0 .RcTextFieldInputLabel-focused {
  color: #066FAC;
}

.c0 .RcTextFieldInput-root {
  color: #121212;
}

.c0 .RcTextFieldInput-root .c3 {
  display: none;
}

.c0 .RcTextFieldInput-input {
  font-size: 1rem;
  font-weight: 400;
  font-family: Lato,Helvetica,Arial,sans-serif;
  line-height: 24px;
}

.c0 .RcTextFieldInput-input::-webkit-input-placeholder {
  color: #757575;
  opacity: 1;
}

.c0 .RcTextFieldInput-input::-moz-placeholder {
  color: #757575;
  opacity: 1;
}

.c0 .RcTextFieldInput-input:-ms-input-placeholder {
  color: #757575;
  opacity: 1;
}

.c0 .RcTextFieldInput-input::placeholder {
  color: #757575;
  opacity: 1;
}

.c0 .RcTextFieldInput-underline:before {
  border-bottom-color: #939393;
}

.c0 .RcTextFieldInput-underline:after {
  border-bottom-color: #066FAC;
}

.c0 .RcTextFieldInput-error:after {
  border-bottom-color: #BE3933;
}

.c0 .RcTextFieldInput-disabled {
  color: #B9B9B9;
  -webkit-text-fill-color: #B9B9B9;
}

.c0 .RcTextFieldInput-disabled::-webkit-input-placeholder {
  color: #B9B9B9;
}

.c0 .RcTextFieldInput-disabled::-moz-placeholder {
  color: #B9B9B9;
}

.c0 .RcTextFieldInput-disabled:-ms-input-placeholder {
  color: #B9B9B9;
}

.c0 .RcTextFieldInput-disabled::placeholder {
  color: #B9B9B9;
}

.c0 .RcTextFieldInput-disabled:before {
  border-bottom-style: solid;
  border-bottom-color: #B9B9B9;
}

.c0 .RcTextFieldInput-disabled:after {
  border-bottom-style: none;
}

.c0 .RcTextFieldFormHelperText-root {
  font-size: 0.75rem;
  font-weight: 400;
  font-family: Lato,Helvetica,Arial,sans-serif;
  line-height: 16px;
  color: #666666;
}

.c0 .RcTextFieldFormHelperText-error,
.c0 .RcTextFieldInputLabel-error {
  color: #BE3933;
}

.c0 .RcTextFieldFormHelperText-disabled,
.c0 .RcTextFieldInputLabel-disabled {
  color: #B9B9B9;
}

.c0 input[type='search']::-ms-clear,
.c0 input[type='search']::-ms-reveal {
  display: none;
  width: 0;
  height: 0;
}

.c0 input[type='search']::-webkit-search-decoration,
.c0 input[type='search']::-webkit-search-cancel-button,
.c0 input[type='search']::-webkit-search-results-button,
.c0 input[type='search']::-webkit-search-results-decoration {
  display: none;
}

@media (hover:hover) and (pointer:fine) {
  .c2:hover {
    background-color: transparent;
    color: rgba(102,102,102,0.88);
  }
}

@media (hover:hover) and (pointer:fine) {
  .c2.RcIconButton-contained:hover {
    color: #fff;
  }

  .c2.RcIconButton-contained:hover:before {
    background-color: rgba(255,255,255,0.08);
  }
}

@media (hover:hover) and (pointer:fine) {
  .c0 .RcTextFieldInput-underline:hover:not(.RcTextFieldInput-disabled):before {
    border-bottom-color: #121212;
  }
}

<div
    className="MuiFormControl-root MuiTextField-root RcTextField-root c0"
    onKeyDown={[Function]}
    onKeyUp={[Function]}
  >
    <div
      className="MuiInputBase-root MuiInput-root RcTextFieldInput-root MuiInput-underline RcTextFieldInput-underline MuiInputBase-formControl MuiInput-formControl MuiInputBase-adornedEnd"
      onClick={[Function]}
    >
      <input
        aria-invalid={false}
        autoFocus={false}
        className="MuiInputBase-input MuiInput-input RcTextFieldInput-input MuiInputBase-inputAdornedEnd"
        disabled={false}
        onAnimationStart={[Function]}
        onBlur={[Function]}
        onChange={[Function]}
        onFocus={[Function]}
        required={false}
        type="text"
      />
      <div
        className="MuiBox-root MuiBox-root-10"
      >
        <button
          aria-hidden={true}
          className="MuiButtonBase-root c1 c2 c3 c4 RcIconButton-root"
          disabled={false}
          onBlur={[Function]}
          onClick={[Function]}
          onDragLeave={[Function]}
          onFocus={[Function]}
          onKeyDown={[Function]}
          onKeyUp={[Function]}
          onMouseDown={[Function]}
          onMouseLeave={[Function]}
          onMouseUp={[Function]}
          onTouchEnd={[Function]}
          onTouchMove={[Function]}
          onTouchStart={[Function]}
          tabIndex={-1}
          type="button"
        >
          <span
            className="c5 delete_circle icon"
          >
            <svg
              className="c6"
              viewBox="0 0 32 32"
              xmlns="http://www.w3.org/2000/svg"
            >
              <path
                d="M16 2c7.732 0 14 6.268 14 14s-6.268 14-14 14S2 23.732 2 16 8.268 2 16 2zm-4.243 8.343a.999.999 0 0 0-1.497 1.32l.083.094 4.243 4.241-4.243 4.244a.999.999 0 0 0 1.32 1.497l.094-.083L16 17.412l4.243 4.244a.999.999 0 0 0 1.497-1.32l-.083-.094-4.243-4.244 4.243-4.241a.999.999 0 0 0-1.32-1.497l-.094.083L16 14.584l-4.243-4.241z"
              />
            </svg>
            
          </span>
        </button>
        <div
          className="c1 c2 c7"
          color="neutral.f04"
          size="medium"
          type="button"
        />
      </div>
    </div>
  </div>,
  @media (hover:hover) and (pointer:fine) {

}

@media (hover:hover) and (pointer:fine) {

}

@media (hover:hover) and (pointer:fine) {

}

<br />,
  @media (hover:hover) and (pointer:fine) {

}

@media (hover:hover) and (pointer:fine) {

}

@media (hover:hover) and (pointer:fine) {

}

<br />,
  .c0 {
  font-size: 0.9375rem;
  font-weight: 400;
  font-family: Lato,Helvetica,Arial,sans-serif;
  line-height: 22px;
  color: #121212;
}

@media (hover:hover) and (pointer:fine) {

}

@media (hover:hover) and (pointer:fine) {

}

@media (hover:hover) and (pointer:fine) {

}

<p
    className="MuiTypography-root c0 MuiTypography-paragraph MuiTypography-displayBlock"
    data-color="neutral.f06"
    data-variant="body1"
  >
    Trigger onKeyDown many time when hold press on key
  </p>,
  .c6 {
  width: 1em;
  height: 1em;
  stroke-width: 0;
  stroke: currentColor;
  fill: currentColor;
  pointer-events: none;
}

.c5 {
  display: -webkit-inline-box;
  display: -webkit-inline-flex;
  display: -ms-inline-flexbox;
  display: inline-flex;
  font-size: 24px;
}

.c2 {
  display: -webkit-inline-box;
  display: -webkit-inline-flex;
  display: -ms-inline-flexbox;
  display: inline-flex;
  -webkit-box-pack: center;
  -webkit-justify-content: center;
  -ms-flex-pack: center;
  justify-content: center;
  -webkit-align-items: center;
  -webkit-box-align: center;
  -ms-flex-align: center;
  align-items: center;
  width: 20px;
  height: 20px;
  color: #666666;
  border-radius: 50%;
  -webkit-transition: background 150ms cubic-bezier(0.4,0,0.2,1) 0ms;
  transition: background 150ms cubic-bezier(0.4,0,0.2,1) 0ms;
  cursor: pointer;
  font-size: 20px;
}

.c2:active {
  color: #666666;
}

.c2.focus-visible,
.c2[data-focus-visible-added] {
  background-color: transparent;
}

.c2.focus-visible:active,
.c2[data-focus-visible-added]:active {
  color: rgba(102,102,102,0.88);
}

.c2.focus-visible:after,
.c2[data-focus-visible-added]:after {
  content: '';
  position: absolute;
  top: -4px;
  right: -4px;
  bottom: -4px;
  left: -4px;
  box-shadow: 0 0 0 1px #066FAC;
  border-radius: 50%;
  pointer-events: none;
  z-index: 1;
}

.c2.RcIconButton-persistBg {
  background-color: rgba(102,102,102,0.12);
}

.c2.RcIconButton-disabled {
  color: #B9B9B9;
}

.c2.RcIconButton-invisible {
  opacity: 0;
  visibility: hidden;
  width: 0;
  height: 0;
}

.c2.RcIconButton-outline {
  border: 1px solid #C7C7C7;
}

.c2.RcIconButton-contained {
  color: #fff;
  background-color: #666666;
}

.c2.RcIconButton-contained:before {
  content: '';
  left: 0;
  right: 0;
  top: 0;
  bottom: 0;
  width: 100%;
  height: 100%;
  border-radius: 50%;
  position: absolute;
}

.c2.RcIconButton-contained.focus-visible,
.c2.RcIconButton-contained[data-focus-visible-added] {
  color: #fff;
}

.c2.RcIconButton-contained.focus-visible:before,
.c2.RcIconButton-contained[data-focus-visible-added]:before {
  background-color: rgba(255,255,255,0.16);
}

.c2.RcIconButton-contained:active {
  color: #fff;
}

.c2 .RcIconButtonTouchRipple-ripplePulsate {
  border-radius: 0;
  -webkit-animation-name: none;
  animation-name: none;
  opacity: 0;
}

.c7 {
  position: absolute;
  right: 0;
  pointer-events: none;
}

.c4 {
  display: -webkit-box;
  display: -webkit-flex;
  display: -ms-flexbox;
  display: flex;
  -webkit-align-items: center;
  -webkit-box-align: center;
  -ms-flex-align: center;
  align-items: center;
  position: relative;
}

.c0 {
  width: 168px;
}

.c0 *:not(input) + .c1 {
  margin-left: 12px;
}

.c0 .RcTextFieldInputLabel-root {
  font-size: 0.75rem;
  font-weight: 700;
  font-family: Lato,Helvetica,Arial,sans-serif;
  line-height: 16px;
  color: #666666;
  -webkit-transform: scale(1);
  -ms-transform: scale(1);
  transform: scale(1);
}

.c0 .RcTextFieldInputLabel-focused {
  color: #066FAC;
}

.c0 .RcTextFieldInput-root {
  color: #121212;
}

.c0 .RcTextFieldInput-root .c3 {
  display: none;
}

.c0 .RcTextFieldInput-input {
  font-size: 1rem;
  font-weight: 400;
  font-family: Lato,Helvetica,Arial,sans-serif;
  line-height: 24px;
}

.c0 .RcTextFieldInput-input::-webkit-input-placeholder {
  color: #757575;
  opacity: 1;
}

.c0 .RcTextFieldInput-input::-moz-placeholder {
  color: #757575;
  opacity: 1;
}

.c0 .RcTextFieldInput-input:-ms-input-placeholder {
  color: #757575;
  opacity: 1;
}

.c0 .RcTextFieldInput-input::placeholder {
  color: #757575;
  opacity: 1;
}

.c0 .RcTextFieldInput-underline:before {
  border-bottom-color: #939393;
}

.c0 .RcTextFieldInput-underline:after {
  border-bottom-color: #066FAC;
}

.c0 .RcTextFieldInput-error:after {
  border-bottom-color: #BE3933;
}

.c0 .RcTextFieldInput-disabled {
  color: #B9B9B9;
  -webkit-text-fill-color: #B9B9B9;
}

.c0 .RcTextFieldInput-disabled::-webkit-input-placeholder {
  color: #B9B9B9;
}

.c0 .RcTextFieldInput-disabled::-moz-placeholder {
  color: #B9B9B9;
}

.c0 .RcTextFieldInput-disabled:-ms-input-placeholder {
  color: #B9B9B9;
}

.c0 .RcTextFieldInput-disabled::placeholder {
  color: #B9B9B9;
}

.c0 .RcTextFieldInput-disabled:before {
  border-bottom-style: solid;
  border-bottom-color: #B9B9B9;
}

.c0 .RcTextFieldInput-disabled:after {
  border-bottom-style: none;
}

.c0 .RcTextFieldFormHelperText-root {
  font-size: 0.75rem;
  font-weight: 400;
  font-family: Lato,Helvetica,Arial,sans-serif;
  line-height: 16px;
  color: #666666;
}

.c0 .RcTextFieldFormHelperText-error,
.c0 .RcTextFieldInputLabel-error {
  color: #BE3933;
}

.c0 .RcTextFieldFormHelperText-disabled,
.c0 .RcTextFieldInputLabel-disabled {
  color: #B9B9B9;
}

.c0 input[type='search']::-ms-clear,
.c0 input[type='search']::-ms-reveal {
  display: none;
  width: 0;
  height: 0;
}

.c0 input[type='search']::-webkit-search-decoration,
.c0 input[type='search']::-webkit-search-cancel-button,
.c0 input[type='search']::-webkit-search-results-button,
.c0 input[type='search']::-webkit-search-results-decoration {
  display: none;
}

@media (hover:hover) and (pointer:fine) {
  .c2:hover {
    background-color: transparent;
    color: rgba(102,102,102,0.88);
  }
}

@media (hover:hover) and (pointer:fine) {
  .c2.RcIconButton-contained:hover {
    color: #fff;
  }

  .c2.RcIconButton-contained:hover:before {
    background-color: rgba(255,255,255,0.08);
  }
}

@media (hover:hover) and (pointer:fine) {
  .c0 .RcTextFieldInput-underline:hover:not(.RcTextFieldInput-disabled):before {
    border-bottom-color: #121212;
  }
}

<div
    className="MuiFormControl-root MuiTextField-root RcTextField-root c0"
    onKeyDown={[Function]}
    onKeyUp={[Function]}
  >
    <div
      className="MuiInputBase-root MuiInput-root RcTextFieldInput-root MuiInput-underline RcTextFieldInput-underline MuiInputBase-formControl MuiInput-formControl MuiInputBase-adornedEnd"
      onClick={[Function]}
    >
      <input
        aria-invalid={false}
        autoFocus={false}
        className="MuiInputBase-input MuiInput-input RcTextFieldInput-input MuiInputBase-inputAdornedEnd"
        disabled={false}
        onAnimationStart={[Function]}
        onBlur={[Function]}
        onChange={[Function]}
        onFocus={[Function]}
        required={false}
        type="text"
      />
      <div
        className="MuiBox-root MuiBox-root-11"
      >
        <button
          aria-hidden={true}
          className="MuiButtonBase-root c1 c2 c3 c4 RcIconButton-root"
          disabled={false}
          onBlur={[Function]}
          onClick={[Function]}
          onDragLeave={[Function]}
          onFocus={[Function]}
          onKeyDown={[Function]}
          onKeyUp={[Function]}
          onMouseDown={[Function]}
          onMouseLeave={[Function]}
          onMouseUp={[Function]}
          onTouchEnd={[Function]}
          onTouchMove={[Function]}
          onTouchStart={[Function]}
          tabIndex={-1}
          type="button"
        >
          <span
            className="c5 delete_circle icon"
          >
            <svg
              className="c6"
              viewBox="0 0 32 32"
              xmlns="http://www.w3.org/2000/svg"
            >
              <path
                d="M16 2c7.732 0 14 6.268 14 14s-6.268 14-14 14S2 23.732 2 16 8.268 2 16 2zm-4.243 8.343a.999.999 0 0 0-1.497 1.32l.083.094 4.243 4.241-4.243 4.244a.999.999 0 0 0 1.32 1.497l.094-.083L16 17.412l4.243 4.244a.999.999 0 0 0 1.497-1.32l-.083-.094-4.243-4.244 4.243-4.241a.999.999 0 0 0-1.32-1.497l-.094.083L16 14.584l-4.243-4.241z"
              />
            </svg>
            
          </span>
        </button>
        <div
          className="c1 c2 c7"
          color="neutral.f04"
          size="medium"
          type="button"
        />
      </div>
    </div>
  </div>,
  .c0 {
  font-size: 0.9375rem;
  font-weight: 400;
  font-family: Lato,Helvetica,Arial,sans-serif;
  line-height: 22px;
  color: #121212;
}

.c1.highlight-term {
  color: #121212 !important;
  background-color: #FFDFB1 !important;
}

@media (hover:hover) and (pointer:fine) {

}

@media (hover:hover) and (pointer:fine) {

}

@media (hover:hover) and (pointer:fine) {

}

<p
    className="MuiTypography-root c0 c1 MuiTypography-noWrap"
    data-color="neutral.f06"
    data-variant="body1"
  >
    Trigger times: 
    0
  </p>,
]
`;
