// Jest Snapshot v1, https://goo.gl/fbAQLP

exports[`Storyshots ðŸš€ Cleanup Components/Tabs/TabContext/TabList TabList 1`] = `
Array [
  .c1 {
  text-transform: none;
  box-sizing: border-box;
  font-size: 0.875rem;
  font-weight: 400;
  font-family: Lato,Helvetica,Arial,sans-serif;
  line-height: 20px;
  color: #121212;
  min-height: 32px;
  min-width: 32px;
}

.c1.RcTab-selected {
  font-size: 0.875rem;
  font-weight: 700;
  font-family: Lato,Helvetica,Arial,sans-serif;
  line-height: 20px;
  color: #066FAC;
}

.c0 {
  min-height: auto;
}

.c0 .RcTabs-indicator {
  background-color: #066FAC;
}

<div
    className="MuiPaper-root MuiPaper-elevation1"
  >
    <div
      className="MuiTabs-root c0 "
    >
      <div
        className="MuiTabs-scroller MuiTabs-fixed"
        onScroll={[Function]}
        style={
          Object {
            "marginBottom": null,
            "overflow": "hidden",
          }
        }
      >
        <div
          aria-label="simple tabs example"
          className="MuiTabs-flexContainer"
          onKeyDown={[Function]}
          role="tablist"
        >
          <button
            aria-controls="mui-p-10000-P-tab-0"
            aria-selected={true}
            className="MuiButtonBase-root MuiTab-root MuiTab-textColorPrimary c1 Mui-selected RcTab-selected"
            disabled={false}
            id="mui-p-10000-T-tab-0"
            onBlur={[Function]}
            onClick={[Function]}
            onDragLeave={[Function]}
            onFocus={[Function]}
            onKeyDown={[Function]}
            onKeyUp={[Function]}
            onMouseDown={[Function]}
            onMouseLeave={[Function]}
            onMouseUp={[Function]}
            onTouchEnd={[Function]}
            onTouchMove={[Function]}
            onTouchStart={[Function]}
            role="tab"
            size="small"
            tabIndex={0}
            type="button"
          >
            <span
              className="MuiTab-wrapper RcTab-wrapper"
            >
              Tab 0
            </span>
            <span
              className="MuiTouchRipple-root"
            />
          </button>
          <button
            aria-controls="mui-p-10000-P-tab-1"
            aria-selected={false}
            className="MuiButtonBase-root MuiTab-root MuiTab-textColorPrimary c1"
            disabled={false}
            id="mui-p-10000-T-tab-1"
            onBlur={[Function]}
            onClick={[Function]}
            onDragLeave={[Function]}
            onFocus={[Function]}
            onKeyDown={[Function]}
            onKeyUp={[Function]}
            onMouseDown={[Function]}
            onMouseLeave={[Function]}
            onMouseUp={[Function]}
            onTouchEnd={[Function]}
            onTouchMove={[Function]}
            onTouchStart={[Function]}
            role="tab"
            size="small"
            tabIndex={-1}
            type="button"
          >
            <span
              className="MuiTab-wrapper RcTab-wrapper"
            >
              Tab 1
            </span>
            <span
              className="MuiTouchRipple-root"
            />
          </button>
          <button
            aria-controls="mui-p-10000-P-tab-2"
            aria-selected={false}
            className="MuiButtonBase-root MuiTab-root MuiTab-textColorPrimary c1"
            disabled={false}
            id="mui-p-10000-T-tab-2"
            onBlur={[Function]}
            onClick={[Function]}
            onDragLeave={[Function]}
            onFocus={[Function]}
            onKeyDown={[Function]}
            onKeyUp={[Function]}
            onMouseDown={[Function]}
            onMouseLeave={[Function]}
            onMouseUp={[Function]}
            onTouchEnd={[Function]}
            onTouchMove={[Function]}
            onTouchStart={[Function]}
            role="tab"
            size="small"
            tabIndex={-1}
            type="button"
          >
            <span
              className="MuiTab-wrapper RcTab-wrapper"
            >
              Tab 2
            </span>
            <span
              className="MuiTouchRipple-root"
            />
          </button>
          <button
            aria-controls="mui-p-10000-P-tab-3"
            aria-selected={false}
            className="MuiButtonBase-root MuiTab-root MuiTab-textColorPrimary c1"
            disabled={false}
            id="mui-p-10000-T-tab-3"
            onBlur={[Function]}
            onClick={[Function]}
            onDragLeave={[Function]}
            onFocus={[Function]}
            onKeyDown={[Function]}
            onKeyUp={[Function]}
            onMouseDown={[Function]}
            onMouseLeave={[Function]}
            onMouseUp={[Function]}
            onTouchEnd={[Function]}
            onTouchMove={[Function]}
            onTouchStart={[Function]}
            role="tab"
            size="small"
            tabIndex={-1}
            type="button"
          >
            <span
              className="MuiTab-wrapper RcTab-wrapper"
            >
              Tab 3
            </span>
            <span
              className="MuiTouchRipple-root"
            />
          </button>
          <button
            aria-controls="mui-p-10000-P-tab-4"
            aria-selected={false}
            className="MuiButtonBase-root MuiTab-root MuiTab-textColorPrimary c1"
            disabled={false}
            id="mui-p-10000-T-tab-4"
            onBlur={[Function]}
            onClick={[Function]}
            onDragLeave={[Function]}
            onFocus={[Function]}
            onKeyDown={[Function]}
            onKeyUp={[Function]}
            onMouseDown={[Function]}
            onMouseLeave={[Function]}
            onMouseUp={[Function]}
            onTouchEnd={[Function]}
            onTouchMove={[Function]}
            onTouchStart={[Function]}
            role="tab"
            size="small"
            tabIndex={-1}
            type="button"
          >
            <span
              className="MuiTab-wrapper RcTab-wrapper"
            >
              Tab 4
            </span>
            <span
              className="MuiTouchRipple-root"
            />
          </button>
          <button
            aria-controls="mui-p-10000-P-tab-5"
            aria-selected={false}
            className="MuiButtonBase-root MuiTab-root MuiTab-textColorPrimary c1 Mui-disabled Mui-disabled"
            disabled={true}
            id="mui-p-10000-T-tab-5"
            onBlur={[Function]}
            onClick={[Function]}
            onDragLeave={[Function]}
            onFocus={[Function]}
            onKeyDown={[Function]}
            onKeyUp={[Function]}
            onMouseDown={[Function]}
            onMouseLeave={[Function]}
            onMouseUp={[Function]}
            onTouchEnd={[Function]}
            onTouchMove={[Function]}
            onTouchStart={[Function]}
            role="tab"
            size="small"
            tabIndex={-1}
            type="button"
          >
            <span
              className="MuiTab-wrapper RcTab-wrapper"
            >
              Tab 5
            </span>
          </button>
          <button
            aria-controls="mui-p-10000-P-tab-6"
            aria-selected={false}
            className="MuiButtonBase-root MuiTab-root MuiTab-textColorPrimary c1"
            disabled={false}
            id="mui-p-10000-T-tab-6"
            onBlur={[Function]}
            onClick={[Function]}
            onDragLeave={[Function]}
            onFocus={[Function]}
            onKeyDown={[Function]}
            onKeyUp={[Function]}
            onMouseDown={[Function]}
            onMouseLeave={[Function]}
            onMouseUp={[Function]}
            onTouchEnd={[Function]}
            onTouchMove={[Function]}
            onTouchStart={[Function]}
            role="tab"
            size="small"
            tabIndex={-1}
            type="button"
          >
            <span
              className="MuiTab-wrapper RcTab-wrapper"
            >
              Tab 6
            </span>
            <span
              className="MuiTouchRipple-root"
            />
          </button>
          <button
            aria-controls="mui-p-10000-P-tab-7"
            aria-selected={false}
            className="MuiButtonBase-root MuiTab-root MuiTab-textColorPrimary c1"
            disabled={false}
            id="mui-p-10000-T-tab-7"
            onBlur={[Function]}
            onClick={[Function]}
            onDragLeave={[Function]}
            onFocus={[Function]}
            onKeyDown={[Function]}
            onKeyUp={[Function]}
            onMouseDown={[Function]}
            onMouseLeave={[Function]}
            onMouseUp={[Function]}
            onTouchEnd={[Function]}
            onTouchMove={[Function]}
            onTouchStart={[Function]}
            role="tab"
            size="small"
            tabIndex={-1}
            type="button"
          >
            <span
              className="MuiTab-wrapper RcTab-wrapper"
            >
              Tab 77777777
            </span>
            <span
              className="MuiTouchRipple-root"
            />
          </button>
          <button
            aria-controls="mui-p-10000-P-tab-8"
            aria-selected={false}
            className="MuiButtonBase-root MuiTab-root MuiTab-textColorPrimary c1"
            disabled={false}
            id="mui-p-10000-T-tab-8"
            onBlur={[Function]}
            onClick={[Function]}
            onDragLeave={[Function]}
            onFocus={[Function]}
            onKeyDown={[Function]}
            onKeyUp={[Function]}
            onMouseDown={[Function]}
            onMouseLeave={[Function]}
            onMouseUp={[Function]}
            onTouchEnd={[Function]}
            onTouchMove={[Function]}
            onTouchStart={[Function]}
            role="tab"
            size="small"
            tabIndex={-1}
            type="button"
          >
            <span
              className="MuiTab-wrapper RcTab-wrapper"
            >
              Tab 8
            </span>
            <span
              className="MuiTouchRipple-root"
            />
          </button>
          <button
            aria-controls="mui-p-10000-P-tab-9"
            aria-selected={false}
            className="MuiButtonBase-root MuiTab-root MuiTab-textColorPrimary c1"
            disabled={false}
            id="mui-p-10000-T-tab-9"
            onBlur={[Function]}
            onClick={[Function]}
            onDragLeave={[Function]}
            onFocus={[Function]}
            onKeyDown={[Function]}
            onKeyUp={[Function]}
            onMouseDown={[Function]}
            onMouseLeave={[Function]}
            onMouseUp={[Function]}
            onTouchEnd={[Function]}
            onTouchMove={[Function]}
            onTouchStart={[Function]}
            role="tab"
            size="small"
            tabIndex={-1}
            type="button"
          >
            <span
              className="MuiTab-wrapper RcTab-wrapper"
            >
              Tab 9
            </span>
            <span
              className="MuiTouchRipple-root"
            />
          </button>
        </div>
        <span
          className="PrivateTabIndicator-root-350 PrivateTabIndicator-colorPrimary-351 MuiTabs-indicator RcTabs-indicator"
          style={
            Object {
              "left": 0,
              "width": 0,
            }
          }
        />
      </div>
    </div>
  </div>,
  <div
    aria-labelledby="mui-p-10000-T-tab-0"
    className="MuiTabPanel-root "
    hidden={false}
    id="mui-p-10000-P-tab-0"
    role="tabpanel"
  >
    Tab Content 0
  </div>,
  <div
    aria-labelledby="mui-p-10000-T-tab-1"
    className="MuiTabPanel-root "
    hidden={true}
    id="mui-p-10000-P-tab-1"
    role="tabpanel"
  />,
  <div
    aria-labelledby="mui-p-10000-T-tab-2"
    className="MuiTabPanel-root "
    hidden={true}
    id="mui-p-10000-P-tab-2"
    role="tabpanel"
  />,
  <div
    aria-labelledby="mui-p-10000-T-tab-3"
    className="MuiTabPanel-root "
    hidden={true}
    id="mui-p-10000-P-tab-3"
    role="tabpanel"
  />,
  <div
    aria-labelledby="mui-p-10000-T-tab-4"
    className="MuiTabPanel-root "
    hidden={true}
    id="mui-p-10000-P-tab-4"
    role="tabpanel"
  />,
  <div
    aria-labelledby="mui-p-10000-T-tab-5"
    className="MuiTabPanel-root "
    hidden={true}
    id="mui-p-10000-P-tab-5"
    role="tabpanel"
  />,
  <div
    aria-labelledby="mui-p-10000-T-tab-6"
    className="MuiTabPanel-root "
    hidden={true}
    id="mui-p-10000-P-tab-6"
    role="tabpanel"
  />,
  <div
    aria-labelledby="mui-p-10000-T-tab-7"
    className="MuiTabPanel-root "
    hidden={true}
    id="mui-p-10000-P-tab-7"
    role="tabpanel"
  />,
  <div
    aria-labelledby="mui-p-10000-T-tab-8"
    className="MuiTabPanel-root "
    hidden={true}
    id="mui-p-10000-P-tab-8"
    role="tabpanel"
  />,
  <div
    aria-labelledby="mui-p-10000-T-tab-9"
    className="MuiTabPanel-root "
    hidden={true}
    id="mui-p-10000-P-tab-9"
    role="tabpanel"
  />,
]
`;
