// Jest Snapshot v1, https://goo.gl/fbAQLP

exports[`Storyshots ðŸš€ Cleanup Components/Tabs/TabContext/TabPanel TabPanel 1`] = `
Array [
  .c0 {
  font-size: 0.875rem;
  font-weight: 700;
  font-family: Lato,Helvetica,Arial,sans-serif;
  line-height: 20px;
}

<p
    className="MuiTypography-root c0 MuiTypography-gutterBottom"
    data-color="initial"
    data-variant="body2"
  >
    Custom RcTabPanel
  </p>,
  .c1 {
  text-transform: none;
  box-sizing: border-box;
  font-size: 0.875rem;
  font-weight: 400;
  font-family: Lato,Helvetica,Arial,sans-serif;
  line-height: 20px;
  color: #121212;
  min-height: 32px;
  min-width: 32px;
}

.c1.RcTab-selected {
  font-size: 0.875rem;
  font-weight: 700;
  font-family: Lato,Helvetica,Arial,sans-serif;
  line-height: 20px;
  color: #066FAC;
}

.c0 {
  min-height: auto;
}

.c0 .RcTabs-indicator {
  background-color: #066FAC;
}

<div
    className="MuiPaper-root MuiPaper-elevation1"
  >
    <div
      className="MuiTabs-root c0 "
    >
      <div
        className="MuiTabs-scroller MuiTabs-fixed"
        onScroll={[Function]}
        style={
          Object {
            "marginBottom": null,
            "overflow": "hidden",
          }
        }
      >
        <div
          aria-label="simple tabs example"
          className="MuiTabs-flexContainer"
          onKeyDown={[Function]}
          role="tablist"
        >
          <button
            aria-controls={null}
            aria-selected={true}
            className="MuiButtonBase-root MuiTab-root MuiTab-textColorPrimary c1 Mui-selected RcTab-selected"
            disabled={false}
            id={null}
            onBlur={[Function]}
            onClick={[Function]}
            onDragLeave={[Function]}
            onFocus={[Function]}
            onKeyDown={[Function]}
            onKeyUp={[Function]}
            onMouseDown={[Function]}
            onMouseLeave={[Function]}
            onMouseUp={[Function]}
            onTouchEnd={[Function]}
            onTouchMove={[Function]}
            onTouchStart={[Function]}
            role="tab"
            size="small"
            tabIndex={0}
            type="button"
          >
            <span
              className="MuiTab-wrapper RcTab-wrapper"
            >
              Tab 0
            </span>
            <span
              className="PrivateTabIndicator-root-354 PrivateTabIndicator-colorPrimary-355 MuiTabs-indicator RcTabs-indicator"
              style={Object {}}
            />
          </button>
          <button
            aria-controls={null}
            aria-selected={false}
            className="MuiButtonBase-root MuiTab-root MuiTab-textColorPrimary c1"
            disabled={false}
            id={null}
            onBlur={[Function]}
            onClick={[Function]}
            onDragLeave={[Function]}
            onFocus={[Function]}
            onKeyDown={[Function]}
            onKeyUp={[Function]}
            onMouseDown={[Function]}
            onMouseLeave={[Function]}
            onMouseUp={[Function]}
            onTouchEnd={[Function]}
            onTouchMove={[Function]}
            onTouchStart={[Function]}
            role="tab"
            size="small"
            tabIndex={-1}
            type="button"
          >
            <span
              className="MuiTab-wrapper RcTab-wrapper"
            >
              Tab 1
            </span>
          </button>
          <button
            aria-controls={null}
            aria-selected={false}
            className="MuiButtonBase-root MuiTab-root MuiTab-textColorPrimary c1"
            disabled={false}
            id={null}
            onBlur={[Function]}
            onClick={[Function]}
            onDragLeave={[Function]}
            onFocus={[Function]}
            onKeyDown={[Function]}
            onKeyUp={[Function]}
            onMouseDown={[Function]}
            onMouseLeave={[Function]}
            onMouseUp={[Function]}
            onTouchEnd={[Function]}
            onTouchMove={[Function]}
            onTouchStart={[Function]}
            role="tab"
            size="small"
            tabIndex={-1}
            type="button"
          >
            <span
              className="MuiTab-wrapper RcTab-wrapper"
            >
              Tab 2
            </span>
          </button>
          <button
            aria-controls={null}
            aria-selected={false}
            className="MuiButtonBase-root MuiTab-root MuiTab-textColorPrimary c1"
            disabled={false}
            id={null}
            onBlur={[Function]}
            onClick={[Function]}
            onDragLeave={[Function]}
            onFocus={[Function]}
            onKeyDown={[Function]}
            onKeyUp={[Function]}
            onMouseDown={[Function]}
            onMouseLeave={[Function]}
            onMouseUp={[Function]}
            onTouchEnd={[Function]}
            onTouchMove={[Function]}
            onTouchStart={[Function]}
            role="tab"
            size="small"
            tabIndex={-1}
            type="button"
          >
            <span
              className="MuiTab-wrapper RcTab-wrapper"
            >
              Tab 3
            </span>
          </button>
          <button
            aria-controls={null}
            aria-selected={false}
            className="MuiButtonBase-root MuiTab-root MuiTab-textColorPrimary c1"
            disabled={false}
            id={null}
            onBlur={[Function]}
            onClick={[Function]}
            onDragLeave={[Function]}
            onFocus={[Function]}
            onKeyDown={[Function]}
            onKeyUp={[Function]}
            onMouseDown={[Function]}
            onMouseLeave={[Function]}
            onMouseUp={[Function]}
            onTouchEnd={[Function]}
            onTouchMove={[Function]}
            onTouchStart={[Function]}
            role="tab"
            size="small"
            tabIndex={-1}
            type="button"
          >
            <span
              className="MuiTab-wrapper RcTab-wrapper"
            >
              Tab 4
            </span>
          </button>
          <button
            aria-controls={null}
            aria-selected={false}
            className="MuiButtonBase-root MuiTab-root MuiTab-textColorPrimary c1 Mui-disabled Mui-disabled"
            disabled={true}
            id={null}
            onBlur={[Function]}
            onClick={[Function]}
            onDragLeave={[Function]}
            onFocus={[Function]}
            onKeyDown={[Function]}
            onKeyUp={[Function]}
            onMouseDown={[Function]}
            onMouseLeave={[Function]}
            onMouseUp={[Function]}
            onTouchEnd={[Function]}
            onTouchMove={[Function]}
            onTouchStart={[Function]}
            role="tab"
            size="small"
            tabIndex={-1}
            type="button"
          >
            <span
              className="MuiTab-wrapper RcTab-wrapper"
            >
              Tab 5
            </span>
          </button>
          <button
            aria-controls={null}
            aria-selected={false}
            className="MuiButtonBase-root MuiTab-root MuiTab-textColorPrimary c1"
            disabled={false}
            id={null}
            onBlur={[Function]}
            onClick={[Function]}
            onDragLeave={[Function]}
            onFocus={[Function]}
            onKeyDown={[Function]}
            onKeyUp={[Function]}
            onMouseDown={[Function]}
            onMouseLeave={[Function]}
            onMouseUp={[Function]}
            onTouchEnd={[Function]}
            onTouchMove={[Function]}
            onTouchStart={[Function]}
            role="tab"
            size="small"
            tabIndex={-1}
            type="button"
          >
            <span
              className="MuiTab-wrapper RcTab-wrapper"
            >
              Tab 6
            </span>
          </button>
          <button
            aria-controls={null}
            aria-selected={false}
            className="MuiButtonBase-root MuiTab-root MuiTab-textColorPrimary c1"
            disabled={false}
            id={null}
            onBlur={[Function]}
            onClick={[Function]}
            onDragLeave={[Function]}
            onFocus={[Function]}
            onKeyDown={[Function]}
            onKeyUp={[Function]}
            onMouseDown={[Function]}
            onMouseLeave={[Function]}
            onMouseUp={[Function]}
            onTouchEnd={[Function]}
            onTouchMove={[Function]}
            onTouchStart={[Function]}
            role="tab"
            size="small"
            tabIndex={-1}
            type="button"
          >
            <span
              className="MuiTab-wrapper RcTab-wrapper"
            >
              Tab 77777777
            </span>
          </button>
          <button
            aria-controls={null}
            aria-selected={false}
            className="MuiButtonBase-root MuiTab-root MuiTab-textColorPrimary c1"
            disabled={false}
            id={null}
            onBlur={[Function]}
            onClick={[Function]}
            onDragLeave={[Function]}
            onFocus={[Function]}
            onKeyDown={[Function]}
            onKeyUp={[Function]}
            onMouseDown={[Function]}
            onMouseLeave={[Function]}
            onMouseUp={[Function]}
            onTouchEnd={[Function]}
            onTouchMove={[Function]}
            onTouchStart={[Function]}
            role="tab"
            size="small"
            tabIndex={-1}
            type="button"
          >
            <span
              className="MuiTab-wrapper RcTab-wrapper"
            >
              Tab 8
            </span>
          </button>
          <button
            aria-controls={null}
            aria-selected={false}
            className="MuiButtonBase-root MuiTab-root MuiTab-textColorPrimary c1"
            disabled={false}
            id={null}
            onBlur={[Function]}
            onClick={[Function]}
            onDragLeave={[Function]}
            onFocus={[Function]}
            onKeyDown={[Function]}
            onKeyUp={[Function]}
            onMouseDown={[Function]}
            onMouseLeave={[Function]}
            onMouseUp={[Function]}
            onTouchEnd={[Function]}
            onTouchMove={[Function]}
            onTouchStart={[Function]}
            role="tab"
            size="small"
            tabIndex={-1}
            type="button"
          >
            <span
              className="MuiTab-wrapper RcTab-wrapper"
            >
              Tab 9
            </span>
          </button>
        </div>
      </div>
    </div>
  </div>,
  .c0 {
  position: relative;
}

.c0::after {
  content: '';
  position: absolute;
  top: 0;
  right: 0;
  bottom: 0;
  left: 0;
  z-index: -1;
  background: linear-gradient( 120deg, #84fab0 0%, #8fd3f4 15% );
}

<div
    aria-labelledby={null}
    className="MuiTabPanel-root c0"
    hidden={false}
    id={null}
    idx={0}
    role="tabpanel"
  >
    Tab Content 0
  </div>,
  .c0 {
  position: relative;
}

.c0::after {
  content: '';
  position: absolute;
  top: 0;
  right: 0;
  bottom: 0;
  left: 0;
  z-index: -1;
  background: linear-gradient( 120deg, #84fab0 10%, #8fd3f4 25% );
}

<div
    aria-labelledby={null}
    className="MuiTabPanel-root c0"
    hidden={true}
    id={null}
    idx={1}
    role="tabpanel"
  />,
  .c0 {
  position: relative;
}

.c0::after {
  content: '';
  position: absolute;
  top: 0;
  right: 0;
  bottom: 0;
  left: 0;
  z-index: -1;
  background: linear-gradient( 120deg, #84fab0 20%, #8fd3f4 35% );
}

<div
    aria-labelledby={null}
    className="MuiTabPanel-root c0"
    hidden={true}
    id={null}
    idx={2}
    role="tabpanel"
  />,
  .c0 {
  position: relative;
}

.c0::after {
  content: '';
  position: absolute;
  top: 0;
  right: 0;
  bottom: 0;
  left: 0;
  z-index: -1;
  background: linear-gradient( 120deg, #84fab0 30%, #8fd3f4 45% );
}

<div
    aria-labelledby={null}
    className="MuiTabPanel-root c0"
    hidden={true}
    id={null}
    idx={3}
    role="tabpanel"
  />,
  .c0 {
  position: relative;
}

.c0::after {
  content: '';
  position: absolute;
  top: 0;
  right: 0;
  bottom: 0;
  left: 0;
  z-index: -1;
  background: linear-gradient( 120deg, #84fab0 40%, #8fd3f4 55% );
}

<div
    aria-labelledby={null}
    className="MuiTabPanel-root c0"
    hidden={true}
    id={null}
    idx={4}
    role="tabpanel"
  />,
  .c0 {
  position: relative;
}

.c0::after {
  content: '';
  position: absolute;
  top: 0;
  right: 0;
  bottom: 0;
  left: 0;
  z-index: -1;
  background: linear-gradient( 120deg, #84fab0 50%, #8fd3f4 65% );
}

<div
    aria-labelledby={null}
    className="MuiTabPanel-root c0"
    hidden={true}
    id={null}
    idx={5}
    role="tabpanel"
  />,
  .c0 {
  position: relative;
}

.c0::after {
  content: '';
  position: absolute;
  top: 0;
  right: 0;
  bottom: 0;
  left: 0;
  z-index: -1;
  background: linear-gradient( 120deg, #84fab0 60%, #8fd3f4 75% );
}

<div
    aria-labelledby={null}
    className="MuiTabPanel-root c0"
    hidden={true}
    id={null}
    idx={6}
    role="tabpanel"
  />,
  .c0 {
  position: relative;
}

.c0::after {
  content: '';
  position: absolute;
  top: 0;
  right: 0;
  bottom: 0;
  left: 0;
  z-index: -1;
  background: linear-gradient( 120deg, #84fab0 70%, #8fd3f4 85% );
}

<div
    aria-labelledby={null}
    className="MuiTabPanel-root c0"
    hidden={true}
    id={null}
    idx={7}
    role="tabpanel"
  />,
  .c0 {
  position: relative;
}

.c0::after {
  content: '';
  position: absolute;
  top: 0;
  right: 0;
  bottom: 0;
  left: 0;
  z-index: -1;
  background: linear-gradient( 120deg, #84fab0 80%, #8fd3f4 95% );
}

<div
    aria-labelledby={null}
    className="MuiTabPanel-root c0"
    hidden={true}
    id={null}
    idx={8}
    role="tabpanel"
  />,
  .c0 {
  position: relative;
}

.c0::after {
  content: '';
  position: absolute;
  top: 0;
  right: 0;
  bottom: 0;
  left: 0;
  z-index: -1;
  background: linear-gradient( 120deg, #84fab0 90%, #8fd3f4 105% );
}

<div
    aria-labelledby={null}
    className="MuiTabPanel-root c0"
    hidden={true}
    id={null}
    idx={9}
    role="tabpanel"
  />,
]
`;
