// Jest Snapshot v1, https://goo.gl/fbAQLP

exports[`Storyshots ðŸš€ Cleanup Components/ðŸŒˆAnimations/Highlight Highlight 1`] = `
Array [
  .c0 {
  text-transform: none;
  font-size: 0.875rem;
  font-weight: 700;
  font-family: Lato,Helvetica,Arial,sans-serif;
  text-align: center;
  box-shadow: unset;
  border-radius: 4px;
  min-width: 96px;
  min-height: 36px;
  padding: 0px 16px;
}

.c0 .RcButton-startIcon {
  margin-right: 8px;
}

.c0 .RcButton-endIcon {
  margin-left: 8px;
}

.c0.RcButton-text {
  color: #066FAC;
}

.c0.RcButton-text.RcButton-disabled {
  color: #C7C7C7;
}

.c0.RcButton-contained {
  color: #fff;
  background-color: #066FAC;
}

.c0.RcButton-contained.RcButton-disabled {
  background-color: #E5E5E5;
  color: #939393;
}

.c0.RcButton-outlined {
  color: #066FAC;
  border-color: #066FAC;
  padding: 0px 15px;
}

.c0.RcButton-outlined.RcButton-disabled {
  color: #C7C7C7;
  border-color: #C7C7C7;
}

@media (hover:hover) and (pointer:fine) {
  .c0.RcButton-text:hover {
    background-color: rgba(6,111,172,0.08);
  }
}

@media (hover:hover) and (pointer:fine) {
  .c0.RcButton-contained:hover {
    background-color: rgba(6,111,172,0.92);
  }
}

@media (hover:hover) and (pointer:fine) {
  .c0.RcButton-outlined:hover {
    background-color: rgba(6,111,172,0.08);
  }
}

<button
    className="MuiButtonBase-root MuiButton-root MuiButton-contained RcButton-contained c0"
    disabled={false}
    onBlur={[Function]}
    onClick={[Function]}
    onDragLeave={[Function]}
    onFocus={[Function]}
    onKeyDown={[Function]}
    onKeyUp={[Function]}
    onMouseDown={[Function]}
    onMouseLeave={[Function]}
    onMouseUp={[Function]}
    onTouchEnd={[Function]}
    onTouchMove={[Function]}
    onTouchStart={[Function]}
    tabIndex={0}
    type="button"
  >
    <span
      className="MuiButton-label"
    >
      Highlight
    </span>
  </button>,
  .c0 {
  height: 300px;
  width: 300px;
  color: #121212;
  display: -webkit-box;
  display: -webkit-flex;
  display: -ms-flexbox;
  display: flex;
  -webkit-box-pack: center;
  -webkit-justify-content: center;
  -ms-flex-pack: center;
  justify-content: center;
  -webkit-align-items: center;
  -webkit-box-align: center;
  -ms-flex-align: center;
  align-items: center;
}

@media (hover:hover) and (pointer:fine) {

}

@media (hover:hover) and (pointer:fine) {

}

@media (hover:hover) and (pointer:fine) {

}

<div
    className="c0"
    style={
      Object {
        "backgroundColor": "",
      }
    }
  >
    Highlight
  </div>,
]
`;
