// Jest Snapshot v1, https://goo.gl/fbAQLP

exports[`Storyshots ðŸš€ Cleanup Components/Dialer/DialTextField DialTextField 1`] = `
.c0 {
  width: 168px;
}

.c0 .RcTextFieldInputLabel-root {
  font-size: 0.75rem;
  font-weight: 700;
  font-family: Lato,Helvetica,Arial,sans-serif;
  line-height: 16px;
  color: #666666;
  -webkit-transform: scale(1);
  -ms-transform: scale(1);
  transform: scale(1);
}

.c0 .RcTextFieldInputLabel-focused {
  color: #066FAC;
}

.c0 .RcTextFieldInput-root {
  color: #121212;
}

.c0 .RcTextFieldInput-input {
  font-size: 1.5rem;
  font-weight: 400;
  font-family: Lato,Helvetica,Arial,sans-serif;
  line-height: 32px;
}

.c0 .RcTextFieldInput-input::-webkit-input-placeholder {
  color: #757575;
  opacity: 1;
}

.c0 .RcTextFieldInput-input::-moz-placeholder {
  color: #757575;
  opacity: 1;
}

.c0 .RcTextFieldInput-input:-ms-input-placeholder {
  color: #757575;
  opacity: 1;
}

.c0 .RcTextFieldInput-input::placeholder {
  color: #757575;
  opacity: 1;
}

.c0 .RcTextFieldInput-input:placeholder-shown {
  white-space: nowrap;
  overflow: hidden;
  text-overflow: ellipsis;
}

.c0 .RcTextFieldInput-underline:before {
  border-bottom-color: #939393;
}

.c0 .RcTextFieldInput-underline:after {
  border-bottom-color: #066FAC;
}

.c0 .RcTextFieldInput-error:after {
  border-bottom-color: #BE3933;
}

.c0 .RcTextFieldInput-disabled {
  color: #C7C7C7;
  -webkit-text-fill-color: #C7C7C7;
}

.c0 .RcTextFieldInput-disabled::-webkit-input-placeholder {
  color: #C7C7C7;
}

.c0 .RcTextFieldInput-disabled::-moz-placeholder {
  color: #C7C7C7;
}

.c0 .RcTextFieldInput-disabled:-ms-input-placeholder {
  color: #C7C7C7;
}

.c0 .RcTextFieldInput-disabled::placeholder {
  color: #C7C7C7;
}

.c0 .RcTextFieldInput-disabled:before {
  border-bottom-style: solid;
  border-bottom-color: #C7C7C7;
}

.c0 .RcTextFieldInput-disabled:after {
  border-bottom-style: none;
}

.c0 .RcTextFieldFormHelperText-root {
  font-size: 0.75rem;
  font-weight: 400;
  font-family: Lato,Helvetica,Arial,sans-serif;
  line-height: 16px;
  color: #666666;
}

.c0 .RcTextFieldFormHelperText-error,
.c0 .RcTextFieldInputLabel-error {
  color: #BE3933;
}

.c0 .RcTextFieldFormHelperText-disabled,
.c0 .RcTextFieldInputLabel-disabled {
  color: #C7C7C7;
}

.c0 input[type='search']::-ms-clear,
.c0 input[type='search']::-ms-reveal {
  display: none;
  width: 0;
  height: 0;
}

.c0 input[type='search']::-webkit-search-decoration,
.c0 input[type='search']::-webkit-search-cancel-button,
.c0 input[type='search']::-webkit-search-results-button,
.c0 input[type='search']::-webkit-search-results-decoration {
  display: none;
}

@media (hover:hover) and (pointer:fine) {
  .c0 .RcTextFieldInput-underline:hover:not(.RcTextFieldInput-disabled):before {
    border-bottom-color: #121212;
  }
}

<div
  className="MuiFormControl-root MuiTextField-root RcTextField-root c0 sc-cTAqQK dGeFnV"
  theme={
    Object {
      "breakpoints": Object {
        "between": [Function],
        "down": [Function],
        "keys": Array [
          "xs",
          "sm",
          "md",
          "lg",
          "xl",
        ],
        "only": [Function],
        "up": [Function],
        "values": Object {
          "lg": 1280,
          "md": 960,
          "sm": 641,
          "xl": 1920,
          "xs": 0,
        },
        "width": [Function],
      },
      "direction": "ltr",
      "mixins": Object {
        "gutters": [Function],
        "toolbar": Object {
          "@media (min-width:0px) and (orientation: landscape)": Object {
            "minHeight": 48,
          },
          "@media (min-width:641px)": Object {
            "minHeight": 64,
          },
          "minHeight": 56,
        },
      },
      "opacity": Object {
        "08": 0.08,
        "12": 0.12,
        "16": 0.16,
        "24": 0.24,
        "32": 0.32,
        "40": 0.4,
        "48": 0.48,
        "56": 0.56,
        "64": 0.64,
        "72": 0.72,
        "80": 0.8,
        "88": 0.88,
        "96": 0.96,
      },
      "overrides": Object {},
      "palette": Object {
        "action": Object {
          "activatedOpacity": 0.12,
          "active": "rgba(0, 0, 0, 0.54)",
          "disabled": "rgba(0, 0, 0, 0.26)",
          "disabledBackground": "rgba(0, 0, 0, 0.12)",
          "disabledOpacity": 0.38,
          "focus": "rgba(0, 0, 0, 0.12)",
          "focusOpacity": 0.12,
          "grayDark": "#494949",
          "grayLight": "#666666",
          "hover": "rgba(0, 0, 0, 0.04)",
          "hoverOpacity": 0.04,
          "primary": "#066FAC",
          "selected": "rgba(0, 0, 0, 0.08)",
          "selectedOpacity": 0.08,
        },
        "augmentColor": [Function],
        "avatar": Object {
          "ash": "#666666",
          "blueberry": "#5A5ABF",
          "brass": "#8E6B2B",
          "global": "#509AC4",
          "gold": "#7A7000",
          "lake": "#1A70C1",
          "oasis": "#04549F",
          "pear": "#3C7E44",
          "persimmon": "#A14B00",
          "sage": "#047C68",
          "tomato": "#C93637",
        },
        "background": Object {
          "default": "#fafafa",
          "paper": "#fff",
        },
        "common": Object {
          "black": "#000",
          "white": "#fff",
        },
        "content": Object {
          "brand": "#066FAC",
        },
        "contrastThreshold": 3,
        "danger": Object {
          "b01": "#FFF7F5",
          "b02": "#FFE5E0",
          "b03": "#E6413C",
          "b04": "#D63E39",
          "f01": "#FFE5E0",
          "f02": "#BE3933",
          "f11": "#F88878",
        },
        "dialHeader": Object {
          "avatarBg": "#FFFFFF",
          "avatarIcon": "#066FAC",
          "bg": "#066FAC",
          "focusBorder": "#FFFFFF",
          "icon": "#FFFFFF",
          "text": "#FFFFFF",
          "textHint": "rgba(255,255,255,0.88)",
        },
        "disabled": Object {
          "b01": "#E5E5E5",
          "f01": "#939393",
          "f02": "#C7C7C7",
        },
        "divider": "rgba(0, 0, 0, 0.12)",
        "error": Object {
          "contrastText": "#fff",
          "dark": "rgb(149, 43, 39)",
          "light": "rgb(222, 100, 96)",
          "main": "#D63E39",
        },
        "getContrastText": [Function],
        "grey": Object {
          "100": "#f5f5f5",
          "200": "#eeeeee",
          "300": "#e0e0e0",
          "400": "#bdbdbd",
          "50": "#fafafa",
          "500": "#9e9e9e",
          "600": "#757575",
          "700": "#616161",
          "800": "#424242",
          "900": "#212121",
          "A100": "#d5d5d5",
          "A200": "#aaaaaa",
          "A400": "#303030",
          "A700": "#616161",
        },
        "header": Object {
          "bgLeft": "#066FAC",
          "bgOverlay": "rgba(255,255,255,0.16)",
          "bgOverlayDisabled": "rgba(255,255,255,0.08)",
          "bgRight": "#509AC4",
          "border": "transparent",
          "divider": "rgba(0,0,0,0.12)",
          "fabBg": "#FFFFFF",
          "fabIcon": "#121212",
          "focusBorder": "#FFFFFF",
          "icon": "#FFFFFF",
          "iconDisabled": "rgba(255,255,255,0.32)",
          "text": "#FFFFFF",
          "textHint": "rgba(255,255,255,0.48)",
        },
        "highContrast": "transparent",
        "highlight": Object {
          "b01": "#FF8800",
          "b02": "#FFDFB1",
          "b03": "#FF8800",
          "f01": "#121212",
          "f02": "#FF8800",
        },
        "info": Object {
          "contrastText": "#fff",
          "dark": "rgb(71, 71, 71)",
          "light": "rgb(132, 132, 132)",
          "main": "#666666",
        },
        "informative": Object {
          "b01": "#F6F9FC",
          "f01": "#E3EBF4",
          "f02": "#066FAC",
        },
        "interactive": Object {
          "b01": "#E6F2F8",
          "b02": "#066FAC",
          "f01": "#066FAC",
        },
        "label": Object {
          "black02": "#121212",
          "blue01": "#066FAC",
          "blue02": "#066FAC",
          "green01": "#3C9949",
          "green02": "#32773B",
          "orange01": "#CD6E0D",
          "orange02": "#A15600",
          "purple01": "#8A77E3",
          "purple02": "#6C5DAF",
          "red01": "#E6413C",
          "red02": "#BE3933",
          "teal01": "#3093A4",
          "teal02": "#2B727F",
          "yellow01": "#B17D1A",
          "yellow02": "#896219",
        },
        "nav": Object {
          "b01": "#FFFFFF",
          "b02": "#F9F9F9",
          "bookmark": "#066FAC",
          "ctlDefault": "#939393",
          "ctlSelected": "#066FAC",
          "f01": "#757575",
          "f02": "#666666",
          "f03": "#494949",
          "f04": "#121212",
          "iconDefault": "#121212",
          "iconSelected": "#066FAC",
          "line": "#E5E5E5",
          "mention": "#FF8800",
          "menuBg": "#066FAC",
          "menuText": "#FFFFFF",
        },
        "neutral": Object {
          "b01": "#FFFFFF",
          "b02": "#F9F9F9",
          "b03": "#F3F3F3",
          "b04": "#666666",
          "b05": "#494949",
          "b06": "#000000",
          "elevation": "#FFFFFF",
          "f01": "#FFFFFF",
          "f02": "#939393",
          "f03": "#757575",
          "f04": "#666666",
          "f05": "#494949",
          "f06": "#121212",
          "f07": "#121212",
          "f11": "#FFFFFF",
          "l01": "#FFFFFF",
          "l02": "#E5E5E5",
          "l03": "#C7C7C7",
          "l04": "#666666",
          "transparent": "transparent",
        },
        "presence": Object {
          "available": "#3C9949",
          "busy": "#E6413C",
          "invisible": "#939393",
        },
        "primary": Object {
          "contrastText": "#fff",
          "dark": "rgb(4, 77, 120)",
          "light": "rgb(55, 139, 188)",
          "main": "#066FAC",
        },
        "secondary": Object {
          "contrastText": "rgba(0, 0, 0, 0.87)",
          "dark": "rgb(178, 95, 0)",
          "light": "rgb(255, 159, 51)",
          "main": "#FF8800",
        },
        "subAction": "#066FAC",
        "success": Object {
          "b01": "#F0FCEF",
          "b02": "#CEF4CE",
          "b03": "#3C9949",
          "b04": "#368541",
          "b05": "#3C9949",
          "contrastText": "#fff",
          "dark": "rgb(37, 93, 45)",
          "f01": "#CEF4CE",
          "f02": "#32773B",
          "f11": "#46BE59",
          "light": "rgb(94, 157, 103)",
          "main": "#368541",
        },
        "tab": Object {
          "default": "#121212",
          "selected": "#066FAC",
        },
        "text": Object {
          "disabled": "rgba(0, 0, 0, 0.38)",
          "hint": "rgba(0, 0, 0, 0.38)",
          "primary": "rgba(0, 0, 0, 0.87)",
          "secondary": "rgba(0, 0, 0, 0.54)",
        },
        "tonalOffset": 0.2,
        "type": "light",
        "umi": Object {
          "bg": "#666666",
          "mentioned": "#FF8800",
          "text": "#FFFFFF",
        },
        "vDanger": Object {
          "f01": "#DD6057",
        },
        "vDisabled": Object {
          "f01": "#54565E",
        },
        "vNeutral": Object {
          "b01": "#1e2027",
          "b02": "#282A32",
          "b03": "#30323A",
          "b04": "#383A43",
          "f01": "#FFFFFF",
        },
        "warning": Object {
          "b01": "#FFF7EB",
          "b02": "#FFE7C1",
          "b03": "#F6AD16",
          "contrastText": "rgba(0, 0, 0, 0.87)",
          "dark": "rgb(172, 121, 15)",
          "f01": "#F6AD16",
          "f02": "#896219",
          "f11": "#F6AD16",
          "light": "rgb(247, 189, 68)",
          "main": "#F6AD16",
        },
      },
      "props": Object {},
      "radius": Object {
        "circle": "50%",
        "lg": "4px",
        "md": "3px",
        "round": "100vw",
        "sm": "2px",
        "xl": "8px",
        "xxl": "16px",
        "zero": "0px",
      },
      "shadows": Array [
        "none",
        "0px 1px 3px 0px rgba(0,0,0,0.2),0px 1px 1px 0px rgba(0,0,0,0.14),0px 2px 1px -1px rgba(0,0,0,0.12)",
        "0px 1px 5px 0px rgba(0,0,0,0.2),0px 2px 2px 0px rgba(0,0,0,0.14),0px 3px 1px -2px rgba(0,0,0,0.12)",
        "0px 1px 8px 0px rgba(0,0,0,0.2),0px 3px 4px 0px rgba(0,0,0,0.14),0px 3px 3px -2px rgba(0,0,0,0.12)",
        "0px 2px 4px -1px rgba(0,0,0,0.2),0px 4px 5px 0px rgba(0,0,0,0.14),0px 1px 10px 0px rgba(0,0,0,0.12)",
        "0px 3px 5px -1px rgba(0,0,0,0.2),0px 5px 8px 0px rgba(0,0,0,0.14),0px 1px 14px 0px rgba(0,0,0,0.12)",
        "0px 3px 5px -1px rgba(0,0,0,0.2),0px 6px 10px 0px rgba(0,0,0,0.14),0px 1px 18px 0px rgba(0,0,0,0.12)",
        "0px 4px 5px -2px rgba(0,0,0,0.2),0px 7px 10px 1px rgba(0,0,0,0.14),0px 2px 16px 1px rgba(0,0,0,0.12)",
        "0px 5px 5px -3px rgba(0,0,0,0.2),0px 8px 10px 1px rgba(0,0,0,0.14),0px 3px 14px 2px rgba(0,0,0,0.12)",
        "0px 5px 6px -3px rgba(0,0,0,0.2),0px 9px 12px 1px rgba(0,0,0,0.14),0px 3px 16px 2px rgba(0,0,0,0.12)",
        "0px 6px 6px -3px rgba(0,0,0,0.2),0px 10px 14px 1px rgba(0,0,0,0.14),0px 4px 18px 3px rgba(0,0,0,0.12)",
        "0px 6px 7px -4px rgba(0,0,0,0.2),0px 11px 15px 1px rgba(0,0,0,0.14),0px 4px 20px 3px rgba(0,0,0,0.12)",
        "0px 7px 8px -4px rgba(0,0,0,0.2),0px 12px 17px 2px rgba(0,0,0,0.14),0px 5px 22px 4px rgba(0,0,0,0.12)",
        "0px 7px 8px -4px rgba(0,0,0,0.2),0px 13px 19px 2px rgba(0,0,0,0.14),0px 5px 24px 4px rgba(0,0,0,0.12)",
        "0px 7px 9px -4px rgba(0,0,0,0.2),0px 14px 21px 2px rgba(0,0,0,0.14),0px 5px 26px 4px rgba(0,0,0,0.12)",
        "0px 8px 9px -5px rgba(0,0,0,0.2),0px 15px 22px 2px rgba(0,0,0,0.14),0px 6px 28px 5px rgba(0,0,0,0.12)",
        "0px 8px 10px -5px rgba(0,0,0,0.2),0px 16px 24px 2px rgba(0,0,0,0.14),0px 6px 30px 5px rgba(0,0,0,0.12)",
        "0px 8px 11px -5px rgba(0,0,0,0.2),0px 17px 26px 2px rgba(0,0,0,0.14),0px 6px 32px 5px rgba(0,0,0,0.12)",
        "0px 9px 11px -5px rgba(0,0,0,0.2),0px 18px 28px 2px rgba(0,0,0,0.14),0px 7px 34px 6px rgba(0,0,0,0.12)",
        "0px 9px 12px -6px rgba(0,0,0,0.2),0px 19px 29px 2px rgba(0,0,0,0.14),0px 7px 36px 6px rgba(0,0,0,0.12)",
        "0px 10px 13px -6px rgba(0,0,0,0.2),0px 20px 31px 3px rgba(0,0,0,0.14),0px 8px 38px 7px rgba(0,0,0,0.12)",
        "0px 10px 13px -6px rgba(0,0,0,0.2),0px 21px 33px 3px rgba(0,0,0,0.14),0px 8px 40px 7px rgba(0,0,0,0.12)",
        "0px 10px 14px -6px rgba(0,0,0,0.2),0px 22px 35px 3px rgba(0,0,0,0.14),0px 8px 42px 7px rgba(0,0,0,0.12)",
        "0px 11px 14px -7px rgba(0,0,0,0.2),0px 23px 36px 3px rgba(0,0,0,0.14),0px 9px 44px 8px rgba(0,0,0,0.12)",
        "0px 11px 15px -7px rgba(0,0,0,0.2),0px 24px 38px 3px rgba(0,0,0,0.14),0px 9px 46px 8px rgba(0,0,0,0.12)",
      ],
      "shape": Object {
        "borderRadius": 4,
      },
      "spacing": [Function],
      "transitions": Object {
        "create": [Function],
        "duration": Object {
          "complex": 375,
          "enteringScreen": 225,
          "leavingScreen": 195,
          "short": 250,
          "shorter": 200,
          "shortest": 150,
          "standard": 300,
        },
        "easing": Object {
          "easeIn": "cubic-bezier(0.4, 0, 1, 1)",
          "easeInOut": "cubic-bezier(0.4, 0, 0.2, 1)",
          "easeOut": "cubic-bezier(0.0, 0, 0.2, 1)",
          "sharp": "cubic-bezier(0.4, 0, 0.6, 1)",
        },
        "getAutoHeightDuration": [Function],
      },
      "typography": Object {
        "body1": Object {
          "fontFamily": "Lato, Helvetica, Arial, sans-serif",
          "fontSize": "0.9375rem",
          "fontWeight": 400,
          "lineHeight": "22px",
        },
        "body2": Object {
          "fontFamily": "Lato, Helvetica, Arial, sans-serif",
          "fontSize": "0.9375rem",
          "fontWeight": 700,
          "lineHeight": "22px",
        },
        "button": Object {
          "fontFamily": "Lato, Helvetica, Arial, sans-serif",
          "fontSize": "0.9375rem",
          "fontWeight": 700,
          "lineHeight": "20px",
          "textTransform": "none",
        },
        "caption": Object {
          "fontFamily": "Lato, Helvetica, Arial, sans-serif",
          "fontSize": "0.75rem",
          "fontWeight": 400,
          "lineHeight": 1.66,
        },
        "caption1": Object {
          "fontSize": "0.75rem",
          "fontWeight": 400,
          "lineHeight": "16px",
        },
        "caption2": Object {
          "fontSize": "0.75rem",
          "fontWeight": 700,
          "lineHeight": "16px",
        },
        "codeFontFamily": "Courier",
        "display1": Object {
          "fontSize": "2.125rem",
          "fontWeight": 400,
          "lineHeight": "40px",
        },
        "display2": Object {
          "fontSize": "2.8125rem",
          "fontWeight": 400,
          "lineHeight": "56px",
        },
        "display3": Object {
          "fontSize": "3.5rem",
          "fontWeight": 700,
          "lineHeight": "72px",
        },
        "display4": Object {
          "fontSize": "6rem",
          "fontWeight": 700,
          "lineHeight": "112px",
        },
        "fontFamily": "Lato, Helvetica, Arial, sans-serif",
        "fontSize": 14,
        "fontWeightBold": 700,
        "fontWeightLight": 300,
        "fontWeightMedium": 500,
        "fontWeightRegular": 400,
        "h1": Object {
          "fontFamily": "Lato, Helvetica, Arial, sans-serif",
          "fontSize": "6rem",
          "fontWeight": 300,
          "lineHeight": 1.167,
        },
        "h2": Object {
          "fontFamily": "Lato, Helvetica, Arial, sans-serif",
          "fontSize": "3.75rem",
          "fontWeight": 300,
          "lineHeight": 1.2,
        },
        "h3": Object {
          "fontFamily": "Lato, Helvetica, Arial, sans-serif",
          "fontSize": "3rem",
          "fontWeight": 400,
          "lineHeight": 1.167,
        },
        "h4": Object {
          "fontFamily": "Lato, Helvetica, Arial, sans-serif",
          "fontSize": "2.125rem",
          "fontWeight": 400,
          "lineHeight": 1.235,
        },
        "h5": Object {
          "fontFamily": "Lato, Helvetica, Arial, sans-serif",
          "fontSize": "1.5rem",
          "fontWeight": 400,
          "lineHeight": 1.334,
        },
        "h6": Object {
          "fontFamily": "Lato, Helvetica, Arial, sans-serif",
          "fontSize": "1.25rem",
          "fontWeight": 500,
          "lineHeight": 1.6,
        },
        "headline1": Object {
          "fontSize": "1.5rem",
          "fontWeight": 400,
          "lineHeight": "32px",
        },
        "headline2": Object {
          "fontSize": "1.5rem",
          "fontWeight": 700,
          "lineHeight": "32px",
        },
        "htmlFontSize": 16,
        "overline": Object {
          "fontFamily": "Lato, Helvetica, Arial, sans-serif",
          "fontSize": "0.75rem",
          "fontWeight": 400,
          "lineHeight": 2.66,
          "textTransform": "uppercase",
        },
        "pxToRem": [Function],
        "round": [Function],
        "subheading1": Object {
          "fontSize": "1rem",
          "fontWeight": 400,
          "lineHeight": "24px",
        },
        "subheading2": Object {
          "fontSize": "1rem",
          "fontWeight": 700,
          "lineHeight": "24px",
        },
        "subtitle1": Object {
          "fontFamily": "Lato, Helvetica, Arial, sans-serif",
          "fontSize": "1rem",
          "fontWeight": 400,
          "lineHeight": 1.75,
        },
        "subtitle2": Object {
          "fontFamily": "Lato, Helvetica, Arial, sans-serif",
          "fontSize": "0.875rem",
          "fontWeight": 500,
          "lineHeight": 1.57,
        },
        "title1": Object {
          "fontSize": "1.25rem",
          "fontWeight": 400,
          "lineHeight": "28px",
        },
        "title2": Object {
          "fontSize": "1.25rem",
          "fontWeight": 700,
          "lineHeight": "28px",
        },
      },
      "zIndex": Object {
        "appBar": 1100,
        "drawer": 1200,
        "mobileStepper": 1000,
        "modal": 1300,
        "snackbar": 1400,
        "speedDial": 1050,
        "tooltip": 1500,
      },
      Symbol(mui.nested): false,
    }
  }
>
  <div
    className="MuiInputBase-root MuiInput-root RcTextFieldInput-root MuiInputBase-formControl MuiInput-formControl"
    onClick={[Function]}
    onKeyPress={[Function]}
  >
    <input
      aria-invalid={false}
      autoComplete="off"
      autoFocus={false}
      className="MuiInputBase-input MuiInput-input RcTextFieldInput-input"
      disabled={false}
      id="rc-juno-id-0"
      maxLength={30}
      onAnimationStart={[Function]}
      onBlur={[Function]}
      onChange={[Function]}
      onFocus={[Function]}
      onKeyDown={[Function]}
      onKeyUp={[Function]}
      placeholder="Enter a number"
      required={false}
      type="text"
      value=""
    />
  </div>
</div>
`;
