// Jest Snapshot v1, https://goo.gl/fbAQLP

exports[`Storyshots ðŸš€ Cleanup Components/Backdrop Backdrop 1`] = `
Array [
  .c0 {
  text-transform: none;
  font-size: 0.875rem;
  font-weight: 700;
  font-family: Lato,Helvetica,Arial,sans-serif;
  text-align: center;
  box-shadow: unset;
  border-radius: 4px;
  min-width: 96px;
  min-height: 36px;
  padding: 0px 16px;
}

.c0 .RcButton-startIcon {
  margin-right: 8px;
}

.c0 .RcButton-endIcon {
  margin-left: 8px;
}

.c0.RcButton-text {
  color: #066FAC;
}

.c0.RcButton-text.RcButton-disabled {
  color: #C7C7C7;
}

.c0.RcButton-contained {
  color: #fff;
  background-color: #066FAC;
}

.c0.RcButton-contained.RcButton-disabled {
  background-color: #E5E5E5;
  color: #939393;
}

.c0.RcButton-outlined {
  color: #066FAC;
  border-color: #066FAC;
  padding: 0px 15px;
}

.c0.RcButton-outlined.RcButton-disabled {
  color: #C7C7C7;
  border-color: #C7C7C7;
}

@media (hover:hover) and (pointer:fine) {
  .c0.RcButton-text:hover {
    background-color: rgba(6,111,172,0.08);
  }
}

@media (hover:hover) and (pointer:fine) {
  .c0.RcButton-contained:hover {
    background-color: rgba(6,111,172,0.92);
  }
}

@media (hover:hover) and (pointer:fine) {
  .c0.RcButton-outlined:hover {
    background-color: rgba(6,111,172,0.08);
  }
}

<button
    className="MuiButtonBase-root MuiButton-root MuiButton-outlined RcButton-outlined c0"
    disabled={false}
    onBlur={[Function]}
    onClick={[Function]}
    onDragLeave={[Function]}
    onFocus={[Function]}
    onKeyDown={[Function]}
    onKeyUp={[Function]}
    onMouseDown={[Function]}
    onMouseLeave={[Function]}
    onMouseUp={[Function]}
    onTouchEnd={[Function]}
    onTouchMove={[Function]}
    onTouchStart={[Function]}
    tabIndex={0}
    type="button"
  >
    <span
      className="MuiButton-label"
    >
      Show backdrop
    </span>
    <span
      className="MuiTouchRipple-root"
    />
  </button>,
  .c2 {
  color: #066FAC;
}

.c0.RcBackdrop-root {
  background-color: rgba(0,0,0,0.7);
}

.c1 {
  z-index: 1200;
}

@media (hover:hover) and (pointer:fine) {

}

@media (hover:hover) and (pointer:fine) {

}

@media (hover:hover) and (pointer:fine) {

}

<div
    aria-hidden={true}
    className="MuiBackdrop-root RcBackdrop-root c0 c1"
    onClick={[Function]}
    style={
      Object {
        "opacity": 0,
        "visibility": "hidden",
      }
    }
  >
    <div
      className="MuiCircularProgress-root c2 MuiCircularProgress-indeterminate"
      role="progressbar"
      style={
        Object {
          "height": 24,
          "width": 24,
        }
      }
    >
      <svg
        className="MuiCircularProgress-svg"
        viewBox="22 22 44 44"
      >
        <circle
          className="MuiCircularProgress-circle MuiCircularProgress-circleIndeterminate"
          cx={44}
          cy={44}
          fill="none"
          r={20.2}
          strokeWidth={3.6}
          style={Object {}}
        />
      </svg>
    </div>
  </div>,
]
`;
