// Jest Snapshot v1, https://goo.gl/fbAQLP

exports[`Tooltip style check, use as to check all style, because that issue with Mui Grow renders correctly 1`] = `
.c0 {
  max-width: calc(100% - 10px);
}

.c0 .RcTooltip-tooltip {
  font-size: 0.875rem;
  font-weight: 400;
  font-family: Lato,Helvetica,Arial,sans-serif;
  line-height: 20px;
  background-color: #666666;
  color: #FFFFFF;
  padding: 4px 8px;
  word-break: break-word;
  position: relative;
}

.c0 .RcTooltip-tooltipPlacementTop,
.c0 .RcTooltip-tooltipPlacementBottom {
  margin: 12px 0;
}

.c0 .RcTooltip-tooltipPlacementRight,
.c0 .RcTooltip-tooltipPlacementLeft {
  margin: 0 12px;
}

.c0 .RcTooltip-arrow {
  color: #666666;
}

.c0 .RcTooltip-tooltipPlacementTop .RcTooltip-arrow {
  margin-bottom: -0.4em;
  height: 0.4em;
  width: 0.6em;
}

.c0 .RcTooltip-tooltipPlacementBottom .RcTooltip-arrow {
  margin-top: -0.4em;
  height: 0.4em;
  width: 0.6em;
}

.c0 .RcTooltip-tooltipPlacementLeft .RcTooltip-arrow {
  margin-right: -0.4em;
  height: 0.6em;
  width: 0.4em;
  margin-top: 3px;
  margin-bottom: 3px;
}

.c0 .RcTooltip-tooltipPlacementRight .RcTooltip-arrow {
  margin-left: -0.4em;
  height: 0.6em;
  width: 0.4em;
  margin-top: 3px;
  margin-bottom: 3px;
}

<div
  className="c0"
  color="neutral.b04"
  open={true}
  size="large"
  title="I'm tooltip"
>
  <div>
    Text
  </div>
</div>
`;
